[2m2026-09-25T06:03:06.317Z[0m  [32mINFO [0m [1motel.controller.main::pipeline.core_allocation[0m: [pipeline_group_id=default, pipeline_id=main, num_cores=1, core_allocation=[1 cores], resolved_cores=0, resolved_numa_nodes=0]
[2m2026-09-25T06:03:06.319Z[0m  [32mINFO [0m [1motel-arrow-dfe-admin::endpoint.start[0m: Admin HTTP server listening [bind_address=127.0.0.1:8080][35m[0m
1790316186.323 otap-s3pq: exporter start: 1 lanes, epochs [("metrics_gauge", 0, "20260925T060306.323Z-7ba4184d"), ("metrics_sum", 0, "20260925T060306.323Z-4b3bb5fd"), ("metrics_exponential_histogram", 0, "20260925T060306.323Z-60931120"), ("metrics_summary", 0, "20260925T060306.323Z-2b7c14ab"), ("traces", 0, "20260925T060306.322Z-69093027"), ("logs", 0, "20260925T060306.323Z-46515bde"), ("metrics_histogram", 0, "20260925T060306.323Z-e0021826")]
[2m2026-09-25T06:03:06.323Z[0m  [32mINFO [0m [1motel.receiver.otlp::otlp.receiver.grpc.start[0m: Starting OTLP gRPC receiver [endpoint=127.0.0.1:14517][35m entity/node.attrs: node.id=otlp_in node.urn=urn:otel:receiver:otlp node.type=receiver pipeline.id=main pipeline.group.id=default deployment.generation=0 core.id=0 numa.node.id=0[0m
[2m2026-09-25T06:03:06.323Z[0m  [32mINFO [0m [1motel.receiver.otlp::otlp.receiver.http.start[0m: Starting OTLP HTTP receiver [endpoint=127.0.0.1:14518][35m entity/node.attrs: node.id=otlp_in node.urn=urn:otel:receiver:otlp node.type=receiver pipeline.id=main pipeline.group.id=default deployment.generation=0 core.id=0 numa.node.id=0[0m
1790316188.431 otap-s3pq: metrics_histogram rows=2000 content=778d5bc61631598db73eb44d96d0edd9 -> 20260925T060306.323Z-e0021826/0 in 42.240806ms
1790316188.432 otap-s3pq: metrics_gauge rows=2000 content=9f98bfdc0d47f58e4f3754f4c40c5f6e -> 20260925T060306.323Z-7ba4184d/0 in 61.711589ms
1790316188.438 otap-s3pq: metrics_summary rows=2000 content=af776f0de3186d387262ac1f2f683297 -> 20260925T060306.323Z-2b7c14ab/0 in 23.171048ms
1790316188.445 otap-s3pq: metrics_sum rows=2000 content=7f0991df62305949baf9063181436e77 -> 20260925T060306.323Z-4b3bb5fd/0 in 64.898577ms
[2m2026-09-25T06:03:08.626Z[0m  [32mINFO [0m [1mobject_store::client::retry::event /root/.cargo/registry/src/index.crates.io-1949cf8c6b5b557f/object_store-0.13.2/src/client/retry.rs:424[0m: Encountered server error with status 503 Service Unavailable, backing off for 0.1 seconds, retry 1 of 2[35m entity/node.attrs: node.id=s3pq node.urn=urn:otel:exporter:s3pq node.type=exporter pipeline.id=main pipeline.group.id=default deployment.generation=0 core.id=0 numa.node.id=0[0m
[2m2026-09-25T06:03:08.929Z[0m  [32mINFO [0m [1mobject_store::client::retry::event /root/.cargo/registry/src/index.crates.io-1949cf8c6b5b557f/object_store-0.13.2/src/client/retry.rs:424[0m: Encountered server error with status 503 Service Unavailable, backing off for 0.12495569 seconds, retry 2 of 2[35m entity/node.attrs: node.id=s3pq node.urn=urn:otel:exporter:s3pq node.type=exporter pipeline.id=main pipeline.group.id=default deployment.generation=0 core.id=0 numa.node.id=0[0m
1790316189.060 otap-s3pq: metrics_exponential_histogram rows=2000 content=3a0587ec613e50947a5146a64ed39de1 -> 20260925T060306.323Z-60931120/0 in 659.057243ms
1790316189.134 otap-s3pq: metrics_gauge rows=2000 content=5ba709ff28e8b2cd9b81ac523466cd0f -> 20260925T060306.323Z-7ba4184d/1 in 53.843444ms
1790316189.134 otap-s3pq: metrics_exponential_histogram rows=2000 content=d0998158fead00a59e475b2c084d45f8 -> 20260925T060306.323Z-60931120/1 in 25.602188ms
1790316189.134 otap-s3pq: metrics_sum rows=2000 content=fc25a915959d3ae4f0a7541621cbb961 -> 20260925T060306.323Z-4b3bb5fd/1 in 45.068928ms
[2m2026-09-25T06:03:09.330Z[0m  [32mINFO [0m [1mobject_store::client::retry::event /root/.cargo/registry/src/index.crates.io-1949cf8c6b5b557f/object_store-0.13.2/src/client/retry.rs:424[0m: Encountered server error with status 503 Service Unavailable, backing off for 0.1 seconds, retry 1 of 2[35m entity/node.attrs: node.id=s3pq node.urn=urn:otel:exporter:s3pq node.type=exporter pipeline.id=main pipeline.group.id=default deployment.generation=0 core.id=0 numa.node.id=0[0m
[2m2026-09-25T06:03:09.330Z[0m  [32mINFO [0m [1mobject_store::client::retry::event /root/.cargo/registry/src/index.crates.io-1949cf8c6b5b557f/object_store-0.13.2/src/client/retry.rs:424[0m: Encountered server error with status 503 Service Unavailable, backing off for 0.1 seconds, retry 1 of 2[35m entity/node.attrs: node.id=s3pq node.urn=urn:otel:exporter:s3pq node.type=exporter pipeline.id=main pipeline.group.id=default deployment.generation=0 core.id=0 numa.node.id=0[0m
1790316189.441 otap-s3pq: metrics_histogram rows=2000 content=db57c42e276e4878c99324d7048b5eb9 -> 20260925T060306.323Z-e0021826/1 in 344.253876ms
1790316189.442 otap-s3pq: metrics_summary rows=2000 content=159f043e935f00672ecaa46d3493a7fc -> 20260925T060306.323Z-2b7c14ab/1 in 321.163976ms
1790316189.509 otap-s3pq: metrics_summary rows=2000 content=c904de20ba2c3a20a98e8f550667fb08 -> 20260925T060306.323Z-2b7c14ab/2 in 11.887242ms
1790316189.509 otap-s3pq: metrics_gauge rows=2000 content=a722a9bfaa7872f83607b42e4d0a7d28 -> 20260925T060306.323Z-7ba4184d/2 in 49.301528ms
1790316189.510 otap-s3pq: metrics_histogram rows=2000 content=bb191e3699a92dd9a503e7f7b0466428 -> 20260925T060306.323Z-e0021826/2 in 35.863505ms
[2m2026-09-25T06:03:09.706Z[0m  [32mINFO [0m [1mobject_store::client::retry::event /root/.cargo/registry/src/index.crates.io-1949cf8c6b5b557f/object_store-0.13.2/src/client/retry.rs:424[0m: Encountered server error with status 503 Service Unavailable, backing off for 0.1 seconds, retry 1 of 2[35m entity/node.attrs: node.id=s3pq node.urn=urn:otel:exporter:s3pq node.type=exporter pipeline.id=main pipeline.group.id=default deployment.generation=0 core.id=0 numa.node.id=0[0m
[2m2026-09-25T06:03:09.706Z[0m  [32mINFO [0m [1mobject_store::client::retry::event /root/.cargo/registry/src/index.crates.io-1949cf8c6b5b557f/object_store-0.13.2/src/client/retry.rs:424[0m: Encountered server error with status 503 Service Unavailable, backing off for 0.1 seconds, retry 1 of 2[35m entity/node.attrs: node.id=s3pq node.urn=urn:otel:exporter:s3pq node.type=exporter pipeline.id=main pipeline.group.id=default deployment.generation=0 core.id=0 numa.node.id=0[0m
1790316189.812 otap-s3pq: metrics_sum rows=2000 content=fd7d0f71a7fab80a1878b40628043ee0 -> 20260925T060306.323Z-4b3bb5fd/2 in 345.18633ms
[2m2026-09-25T06:03:10.009Z[0m  [32mINFO [0m [1mobject_store::client::retry::event /root/.cargo/registry/src/index.crates.io-1949cf8c6b5b557f/object_store-0.13.2/src/client/retry.rs:424[0m: Encountered server error with status 503 Service Unavailable, backing off for 0.18736611 seconds, retry 2 of 2[35m entity/node.attrs: node.id=s3pq node.urn=urn:otel:exporter:s3pq node.type=exporter pipeline.id=main pipeline.group.id=default deployment.generation=0 core.id=0 numa.node.id=0[0m
1790316190.206 otap-s3pq: metrics_exponential_histogram rows=2000 content=fd238a4a60cc8aaeab7d410c022df68d -> 20260925T060306.323Z-60931120/2 in 720.385352ms
1790316190.276 otap-s3pq: metrics_gauge rows=2000 content=7c8b704dce4d407d5d0524812799127d -> 20260925T060306.323Z-7ba4184d/3 in 49.525113ms
1790316190.278 otap-s3pq: metrics_sum rows=2000 content=1867da5d207f4a10f46c57f6d57e8d01 -> 20260925T060306.323Z-4b3bb5fd/3 in 43.237684ms
1790316190.278 otap-s3pq: metrics_exponential_histogram rows=2000 content=6545c94e561da4191404a23897b5b5be -> 20260925T060306.323Z-60931120/3 in 25.33443ms
[2m2026-09-25T06:03:10.478Z[0m  [32mINFO [0m [1mobject_store::client::retry::event /root/.cargo/registry/src/index.crates.io-1949cf8c6b5b557f/object_store-0.13.2/src/client/retry.rs:424[0m: Encountered server error with status 503 Service Unavailable, backing off for 0.1 seconds, retry 1 of 2[35m entity/node.attrs: node.id=s3pq node.urn=urn:otel:exporter:s3pq node.type=exporter pipeline.id=main pipeline.group.id=default deployment.generation=0 core.id=0 numa.node.id=0[0m
[2m2026-09-25T06:03:10.478Z[0m  [32mINFO [0m [1mobject_store::client::retry::event /root/.cargo/registry/src/index.crates.io-1949cf8c6b5b557f/object_store-0.13.2/src/client/retry.rs:424[0m: Encountered server error with status 503 Service Unavailable, backing off for 0.1 seconds, retry 1 of 2[35m entity/node.attrs: node.id=s3pq node.urn=urn:otel:exporter:s3pq node.type=exporter pipeline.id=main pipeline.group.id=default deployment.generation=0 core.id=0 numa.node.id=0[0m
1790316190.587 otap-s3pq: metrics_histogram rows=2000 content=8b6c936df17f9e03080096943794cd20 -> 20260925T060306.323Z-e0021826/3 in 345.346767ms
1790316190.589 otap-s3pq: metrics_summary rows=2000 content=965378a319c67e42742b5df307ea2068 -> 20260925T060306.323Z-2b7c14ab/3 in 324.889193ms
1790316190.664 otap-s3pq: metrics_summary rows=2000 content=5b940ab1208d6bf40235f9b257eea0a4 -> 20260925T060306.323Z-2b7c14ab/4 in 13.683134ms
1790316190.666 otap-s3pq: metrics_histogram rows=2000 content=8904ac70ae01788ff924b3909eda2cf3 -> 20260925T060306.323Z-e0021826/4 in 37.610345ms
1790316190.670 otap-s3pq: metrics_exponential_histogram rows=2000 content=ca6ff9d5d4be8b1dee30bdd6b6e5048c -> 20260925T060306.323Z-60931120/4 in 30.844663ms
[2m2026-09-25T06:03:10.861Z[0m  [32mINFO [0m [1mobject_store::client::retry::event /root/.cargo/registry/src/index.crates.io-1949cf8c6b5b557f/object_store-0.13.2/src/client/retry.rs:424[0m: Encountered server error with status 503 Service Unavailable, backing off for 0.1 seconds, retry 1 of 2[35m entity/node.attrs: node.id=s3pq node.urn=urn:otel:exporter:s3pq node.type=exporter pipeline.id=main pipeline.group.id=default deployment.generation=0 core.id=0 numa.node.id=0[0m
[2m2026-09-25T06:03:10.861Z[0m  [32mINFO [0m [1mobject_store::client::retry::event /root/.cargo/registry/src/index.crates.io-1949cf8c6b5b557f/object_store-0.13.2/src/client/retry.rs:424[0m: Encountered server error with status 503 Service Unavailable, backing off for 0.1 seconds, retry 1 of 2[35m entity/node.attrs: node.id=s3pq node.urn=urn:otel:exporter:s3pq node.type=exporter pipeline.id=main pipeline.group.id=default deployment.generation=0 core.id=0 numa.node.id=0[0m
1790316190.969 otap-s3pq: metrics_gauge rows=2000 content=43fe78a457ab07ce8edd02c0717b8859 -> 20260925T060306.323Z-7ba4184d/4 in 356.108807ms
[2m2026-09-25T06:03:11.166Z[0m  [32mINFO [0m [1mobject_store::client::retry::event /root/.cargo/registry/src/index.crates.io-1949cf8c6b5b557f/object_store-0.13.2/src/client/retry.rs:424[0m: Encountered server error with status 503 Service Unavailable, backing off for 0.11349251 seconds, retry 2 of 2[35m entity/node.attrs: node.id=s3pq node.urn=urn:otel:exporter:s3pq node.type=exporter pipeline.id=main pipeline.group.id=default deployment.generation=0 core.id=0 numa.node.id=0[0m
1790316191.287 otap-s3pq: metrics_sum rows=2000 content=8ee4a95309afbe341a6b73016198a507 -> 20260925T060306.323Z-4b3bb5fd/4 in 665.804245ms
1790316191.363 otap-s3pq: metrics_exponential_histogram rows=2000 content=599950c0484f8af8a7b1e6e4b1e8c267 -> 20260925T060306.323Z-60931120/5 in 28.258352ms
1790316191.363 otap-s3pq: metrics_summary rows=2000 content=0401d3d01bac52008105595bc7f860f9 -> 20260925T060306.323Z-2b7c14ab/5 in 16.022551ms
1790316191.363 otap-s3pq: metrics_histogram rows=2000 content=9eee98c19eb788752bdcb983bd610b78 -> 20260925T060306.323Z-e0021826/5 in 39.052078ms
[2m2026-09-25T06:03:11.557Z[0m  [32mINFO [0m [1mobject_store::client::retry::event /root/.cargo/registry/src/index.crates.io-1949cf8c6b5b557f/object_store-0.13.2/src/client/retry.rs:424[0m: Encountered server error with status 503 Service Unavailable, backing off for 0.1 seconds, retry 1 of 2[35m entity/node.attrs: node.id=s3pq node.urn=urn:otel:exporter:s3pq node.type=exporter pipeline.id=main pipeline.group.id=default deployment.generation=0 core.id=0 numa.node.id=0[0m
[2m2026-09-25T06:03:11.557Z[0m  [32mINFO [0m [1mobject_store::client::retry::event /root/.cargo/registry/src/index.crates.io-1949cf8c6b5b557f/object_store-0.13.2/src/client/retry.rs:424[0m: Encountered server error with status 503 Service Unavailable, backing off for 0.1 seconds, retry 1 of 2[35m entity/node.attrs: node.id=s3pq node.urn=urn:otel:exporter:s3pq node.type=exporter pipeline.id=main pipeline.group.id=default deployment.generation=0 core.id=0 numa.node.id=0[0m
1790316191.665 otap-s3pq: metrics_gauge rows=2000 content=ce78a73a52060b0dcc0b2c73243f840c -> 20260925T060306.323Z-7ba4184d/5 in 356.860336ms
1790316191.665 otap-s3pq: metrics_sum rows=2000 content=88c6e4d7c0ef31e4f0d09fc1eca13dca -> 20260925T060306.323Z-4b3bb5fd/5 in 348.938175ms
[2m2026-09-25T06:03:11.670Z[0m  [32mINFO [0m [1motel.controller.main::shutdown.signal_received[0m: OS termination signal received, initiating graceful shutdown. Send the signal again to force immediate exit. [signal=SIGINT]
1790316191.671 otap-s3pq: exporter stop: committed=30 resolved_own=0 resent=0 learned_other=0 halted=0 known_skipped=0 encodes=30 puts=30 heads=0 abandoned=0
[2m2026-09-25T06:03:11.671Z[0m  [32mINFO [0m [1motel-arrow-dfe-state::state.observed_event[0m: global shutdown [pipeline_group_id=default, pipeline_id=main, core_id=0, event_type=ShutdownRequested][35m[0m
[2m2026-09-25T06:03:11.671Z[0m  [32mINFO [0m [1motel.controller.main::shutdown.signal_dispatched[0m: Shutdown requested for all pipelines
[2m2026-09-25T06:03:11.671Z[0m  [32mINFO [0m [1motel.receiver.otlp::otlp.receiver.drain_ingress[0m[35m entity/node.attrs: node.id=otlp_in node.urn=urn:otel:receiver:otlp node.type=receiver pipeline.id=main pipeline.group.id=default deployment.generation=0 core.id=0 numa.node.id=0[0m
[2m2026-09-25T06:03:11.672Z[0m  [32mINFO [0m [1motel-arrow-dfe-state::state.observed_event[0m: global shutdown [pipeline_group_id=system, pipeline_id=observability, core_id=0, event_type=ShutdownRequested][35m[0m
