19:20:48.537 run ck1790364048: db otaprs_ckpt_ck1790364048, prefix otap-rs-ckpt/ck1790364048/edges, duration 900s, edge restarts every 2-5s
19:20:56.183 SIGKILL + restart edge-1 (1)
19:20:59.254 SIGKILL + restart edge-3 (2)
19:21:02.351 SIGKILL + restart edge-2 (3)
19:21:04.423 SIGKILL + restart edge-2 (4)
19:21:08.074 SIGKILL + restart edge-1 (5)
19:21:10.148 SIGKILL + restart edge-1 (6)
19:21:11.241 SIGSTOP worker w1 for 11s (lease ttl 6s)
19:21:15.451 SIGKILL + restart edge-1 (7)
19:21:19.062 SIGKILL + restart edge-1 (8)
19:21:22.160 SIGCONT w1
19:21:22.165 SIGKILL worker w2 (pid 4071)
19:21:24.192 restarted w2 (incarnation 2)
19:21:24.725 SIGKILL + restart edge-2 (9)
19:21:28.372 SIGKILL + restart edge-2 (10)
19:21:30.432 SIGKILL worker w1 (pid 4070)
19:21:33.439 restarted w1 (incarnation 2)
19:21:33.982 SIGKILL + restart edge-3 (11)
19:21:38.126 SIGKILL + restart edge-1 (12)
19:21:41.264 SIGKILL + restart edge-2 (13)
19:21:45.447 SIGKILL + restart edge-2 (14)
19:21:49.109 SIGKILL + restart edge-1 (15)
19:21:50.149 SIGSTOP worker w1 for 7s (lease ttl 6s)
19:21:53.284 SIGKILL + restart edge-2 (16)
19:21:56.401 SIGKILL + restart edge-2 (17)
19:21:57.430 SIGCONT w1
19:21:59.488 SIGKILL + restart edge-3 (18)
19:22:03.105 SIGKILL + restart edge-1 (19)
19:22:06.273 SIGKILL + restart edge-2 (20)
19:22:08.407 SIGKILL + restart edge-1 (21)
19:22:08.418 SIGSTOP worker w3 for 8s (lease ttl 6s)
19:22:10.524 SIGKILL + restart edge-2 (22)
19:22:13.124 SIGKILL + restart edge-1 (23)
19:22:16.244 SIGCONT w3
19:22:16.266 SIGKILL + restart edge-2 (24)
19:22:21.550 SIGKILL + restart edge-1 (25)
19:22:21.588 SIGKILL worker w3 (pid 4072)
19:22:23.599 restarted w3 (incarnation 2)
19:22:25.207 SIGKILL + restart edge-1 (26)
19:22:29.367 SIGKILL + restart edge-3 (27)
19:22:32.593 SIGKILL + restart edge-1 (28)
19:22:35.240 SIGKILL + restart edge-3 (29)
19:22:35.257 SIGKILL worker w3 (pid 5666)
19:22:36.280 restarted w3 (incarnation 3)
19:22:38.355 SIGKILL + restart edge-2 (30)
19:22:43.332 SIGKILL + restart edge-2 (31)
19:22:45.481 SIGKILL + restart edge-3 (32)
19:22:49.211 SIGKILL + restart edge-1 (33)
19:22:50.249 SIGSTOP worker w1 for 7s (lease ttl 6s)
19:22:53.373 SIGKILL + restart edge-2 (34)
19:22:57.501 SIGCONT w1
19:22:58.045 SIGKILL + restart edge-1 (35)
19:23:03.343 SIGKILL + restart edge-3 (36)
19:23:05.435 SIGKILL worker w2 (pid 4635)
19:23:08.448 restarted w2 (incarnation 3)
19:23:09.010 SIGKILL + restart edge-2 (37)
19:23:13.174 SIGKILL + restart edge-2 (38)
19:23:16.303 SIGKILL + restart edge-1 (39)
19:23:18.420 SIGKILL + restart edge-3 (40)
19:23:18.424 SIGSTOP worker w3 for 8s (lease ttl 6s)
19:23:22.085 SIGKILL + restart edge-1 (41)
19:23:26.218 SIGCONT w3
19:23:27.367 SIGKILL + restart edge-2 (42)
19:23:30.539 SIGKILL + restart edge-2 (43)
19:23:33.230 SIGKILL + restart edge-3 (44)
19:23:35.521 SIGKILL + restart edge-2 (45)
19:23:38.205 SIGSTOP worker w2 for 12s (lease ttl 6s)
19:23:39.275 SIGKILL + restart edge-2 (46)
19:23:41.364 SIGKILL + restart edge-2 (47)
19:23:44.497 SIGKILL + restart edge-2 (48)
19:23:46.112 SIGKILL + restart edge-3 (49)
19:23:50.222 SIGCONT w2
19:23:51.337 SIGKILL + restart edge-3 (50)
19:23:54.476 SIGKILL + restart edge-3 (51)
19:23:57.135 SIGKILL + restart edge-3 (52)
19:23:58.176 SIGKILL worker w3 (pid 5881)
19:24:00.185 restarted w3 (incarnation 4)
19:24:00.739 SIGKILL + restart edge-1 (53)
19:24:04.471 SIGKILL + restart edge-3 (54)
19:24:06.044 SIGKILL + restart edge-3 (55)
19:24:06.053 SIGSTOP worker w3 for 11s (lease ttl 6s)
19:24:11.306 SIGKILL + restart edge-3 (56)
19:24:14.525 SIGKILL + restart edge-3 (57)
19:24:17.232 SIGCONT w3
19:24:17.250 SIGKILL + restart edge-3 (58)
19:24:17.256 SIGSTOP worker w2 for 10s (lease ttl 6s)
19:24:19.353 SIGKILL + restart edge-1 (59)
19:24:22.153 SIGKILL + restart edge-3 (60)
19:24:26.468 SIGKILL + restart edge-2 (61)
19:24:27.013 SIGCONT w2
19:24:30.139 SIGKILL + restart edge-1 (62)
19:24:33.306 SIGKILL + restart edge-2 (63)
19:24:34.348 SIGKILL worker w3 (pid 7302)
19:24:35.355 restarted w3 (incarnation 5)
19:24:35.889 SIGKILL + restart edge-1 (64)
19:24:39.520 SIGKILL + restart edge-2 (65)
19:24:41.126 SIGKILL + restart edge-3 (66)
19:24:46.513 SIGKILL + restart edge-1 (67)
19:24:50.342 SIGKILL + restart edge-3 (68)
19:24:52.476 SIGKILL worker w3 (pid 7929)
19:24:54.676 restarted w3 (incarnation 6)
19:24:55.224 SIGKILL + restart edge-3 (69)
19:24:59.503 SIGKILL + restart edge-3 (70)
19:25:03.128 SIGKILL + restart edge-2 (71)
19:25:08.455 SIGKILL + restart edge-3 (72)
19:25:09.483 SIGKILL worker w2 (pid 6339)
19:25:11.493 restarted w2 (incarnation 4)
19:25:13.245 SIGKILL + restart edge-2 (73)
19:25:18.030 SIGKILL + restart edge-3 (74)
19:25:21.303 SIGKILL + restart edge-2 (75)
19:25:25.068 SIGKILL + restart edge-1 (76)
19:25:25.073 SIGKILL worker w3 (pid 8284)
19:25:28.111 restarted w3 (incarnation 7)
19:25:29.178 SIGKILL + restart edge-1 (77)
19:25:33.456 SIGKILL + restart edge-3 (78)
19:25:38.199 SIGKILL + restart edge-2 (79)
19:25:38.208 SIGSTOP worker w1 for 12s (lease ttl 6s)
19:25:42.380 SIGKILL + restart edge-1 (80)
19:25:44.472 SIGKILL + restart edge-3 (81)
19:25:49.143 SIGKILL + restart edge-1 (82)
19:25:50.233 SIGCONT w1
19:25:53.385 SIGKILL + restart edge-1 (83)
19:25:55.031 SIGKILL + restart edge-2 (84)
19:25:57.105 SIGSTOP worker w1 for 7s (lease ttl 6s)
19:25:59.332 SIGKILL + restart edge-1 (85)
19:26:02.459 SIGKILL + restart edge-1 (86)
19:26:04.015 SIGCONT w1
19:26:06.203 SIGKILL + restart edge-1 (87)
19:26:08.254 SIGSTOP worker w3 for 12s (lease ttl 6s)
19:26:09.287 SIGKILL + restart edge-2 (88)
19:26:11.352 SIGKILL + restart edge-1 (89)
19:26:14.480 SIGKILL + restart edge-3 (90)
19:26:17.103 SIGKILL + restart edge-3 (91)
19:26:20.272 SIGCONT w3
19:26:21.324 SIGKILL + restart edge-3 (92)
19:26:24.449 SIGKILL + restart edge-1 (93)
19:26:27.090 SIGKILL + restart edge-1 (94)
19:26:27.094 SIGSTOP worker w1 for 8s (lease ttl 6s)
19:26:29.275 SIGKILL + restart edge-2 (95)
19:26:34.495 SIGKILL + restart edge-3 (96)
19:26:35.058 SIGCONT w1
19:26:38.162 SIGKILL + restart edge-1 (97)
19:26:42.403 SIGKILL + restart edge-2 (98)
19:26:45.531 SIGKILL + restart edge-2 (99)
19:26:45.548 SIGSTOP worker w3 for 12s (lease ttl 6s)
19:26:50.387 SIGKILL + restart edge-1 (100)
19:26:54.130 SIGKILL + restart edge-2 (101)
19:26:56.244 SIGKILL + restart edge-3 (102)
19:26:57.292 SIGCONT w3
19:26:59.351 SIGKILL worker w1 (pid 4768)
19:27:02.417 restarted w1 (incarnation 3)
19:27:03.112 SIGKILL + restart edge-2 (103)
19:27:07.392 SIGSTOP worker w1 for 10s (lease ttl 6s)
19:27:08.470 SIGKILL + restart edge-1 (104)
19:27:12.183 SIGKILL + restart edge-3 (105)
19:27:15.311 SIGKILL + restart edge-3 (106)
19:27:17.400 SIGCONT w1
19:27:17.407 SIGKILL worker w1 (pid 10789)
19:27:19.416 restarted w1 (incarnation 4)
19:27:20.462 SIGKILL + restart edge-1 (107)
19:27:24.256 SIGKILL + restart edge-1 (108)
19:27:29.464 SIGKILL + restart edge-3 (109)
19:27:32.264 SIGKILL + restart edge-3 (110)
19:27:33.336 SIGKILL worker w2 (pid 8556)
19:27:36.350 restarted w2 (incarnation 5)
19:27:36.887 SIGKILL + restart edge-1 (111)
19:27:40.077 SIGKILL + restart edge-1 (112)
19:27:43.461 SIGKILL + restart edge-3 (113)
19:27:46.037 SIGKILL + restart edge-3 (114)
19:27:50.259 SIGKILL + restart edge-1 (115)
19:27:52.466 SIGKILL + restart edge-1 (116)
19:27:53.552 SIGSTOP worker w1 for 10s (lease ttl 6s)
19:27:56.216 SIGKILL + restart edge-3 (117)
19:27:58.368 SIGKILL + restart edge-3 (118)
19:28:00.431 SIGKILL + restart edge-3 (119)
19:28:03.032 SIGCONT w1
19:28:03.037 SIGKILL worker w1 (pid 11051)
19:28:04.058 restarted w1 (incarnation 5)
19:28:04.611 SIGKILL + restart edge-3 (120)
19:28:08.323 SIGKILL + restart edge-3 (121)
19:28:10.423 SIGKILL + restart edge-3 (122)
19:28:12.565 SIGKILL + restart edge-2 (123)
19:28:14.160 SIGKILL + restart edge-3 (124)
19:28:14.166 SIGSTOP worker w3 for 12s (lease ttl 6s)
19:28:16.620 SIGKILL + restart edge-1 (125)
19:28:19.227 SIGKILL + restart edge-2 (126)
19:28:22.412 SIGKILL + restart edge-3 (127)
19:28:26.107 SIGCONT w3
19:28:26.132 SIGKILL + restart edge-3 (128)
19:28:29.502 SIGKILL + restart edge-2 (129)
19:28:29.521 SIGSTOP worker w1 for 7s (lease ttl 6s)
19:28:34.312 SIGKILL + restart edge-1 (130)
19:28:36.367 SIGCONT w1
19:28:37.576 SIGKILL + restart edge-3 (131)
19:28:42.139 SIGKILL + restart edge-2 (132)
19:28:42.151 SIGKILL worker w2 (pid 11321)
19:28:45.161 restarted w2 (incarnation 6)
19:28:47.275 SIGKILL + restart edge-2 (133)
19:28:52.052 SIGKILL + restart edge-3 (134)
19:28:56.304 SIGKILL + restart edge-1 (135)
19:28:59.515 SIGSTOP worker w1 for 12s (lease ttl 6s)
19:29:01.092 SIGKILL + restart edge-2 (136)
19:29:05.261 SIGKILL + restart edge-2 (137)
19:29:07.514 SIGKILL + restart edge-2 (138)
19:29:11.143 SIGCONT w1
19:29:11.189 SIGKILL + restart edge-1 (139)
19:29:14.315 SIGKILL + restart edge-2 (140)
19:29:16.539 SIGKILL + restart edge-2 (141)
19:29:18.099 SIGKILL worker w3 (pid 8794)
19:29:20.111 restarted w3 (incarnation 8)
19:29:21.152 SIGKILL + restart edge-1 (142)
19:29:23.275 SIGKILL + restart edge-3 (143)
19:29:26.417 SIGKILL + restart edge-1 (144)
19:29:29.532 SIGKILL + restart edge-3 (145)
19:29:33.461 SIGKILL + restart edge-3 (146)
19:29:34.532 SIGSTOP worker w3 for 9s (lease ttl 6s)
19:29:35.059 SIGKILL + restart edge-1 (147)
19:29:37.160 SIGKILL + restart edge-3 (148)
19:29:40.521 SIGKILL + restart edge-1 (149)
19:29:43.108 SIGCONT w3
19:29:43.139 SIGKILL + restart edge-2 (150)
19:29:48.400 SIGKILL + restart edge-3 (151)
19:29:48.409 SIGKILL worker w1 (pid 11841)
19:29:51.458 restarted w1 (incarnation 6)
19:29:53.058 SIGKILL + restart edge-1 (152)
19:29:56.227 SIGKILL + restart edge-3 (153)
19:29:56.232 SIGSTOP worker w2 for 7s (lease ttl 6s)
19:30:00.376 SIGKILL + restart edge-1 (154)
19:30:02.114 SIGKILL + restart edge-1 (155)
19:30:03.175 SIGCONT w2
19:30:05.508 SIGKILL + restart edge-2 (156)
19:30:09.240 SIGKILL + restart edge-2 (157)
19:30:12.535 SIGKILL + restart edge-3 (158)
19:30:15.167 SIGKILL + restart edge-2 (159)
19:30:16.205 SIGSTOP worker w3 for 10s (lease ttl 6s)
19:30:18.279 SIGKILL + restart edge-1 (160)
19:30:22.344 SIGKILL + restart edge-2 (161)
19:30:26.531 SIGCONT w3
19:30:27.096 SIGKILL + restart edge-2 (162)
19:30:31.271 SIGKILL worker w1 (pid 13692)
19:30:33.286 restarted w1 (incarnation 7)
19:30:33.812 SIGKILL + restart edge-2 (163)
19:30:38.167 SIGKILL + restart edge-1 (164)
19:30:42.356 SIGKILL + restart edge-2 (165)
19:30:45.036 SIGKILL worker w3 (pid 13176)
19:30:47.047 restarted w3 (incarnation 9)
19:30:47.607 SIGKILL + restart edge-3 (166)
19:30:50.426 SIGKILL + restart edge-2 (167)
19:30:53.036 SIGSTOP worker w2 for 10s (lease ttl 6s)
19:30:54.108 SIGKILL + restart edge-2 (168)
19:30:59.429 SIGKILL + restart edge-3 (169)
19:31:02.298 SIGKILL + restart edge-1 (170)
19:31:03.353 SIGCONT w2
19:31:07.176 SIGKILL + restart edge-2 (171)
19:31:09.334 SIGKILL + restart edge-1 (172)
19:31:11.444 SIGKILL + restart edge-2 (173)
19:31:12.121 SIGKILL worker w1 (pid 14379)
19:31:15.139 restarted w1 (incarnation 8)
19:31:15.699 SIGKILL + restart edge-3 (174)
19:31:19.446 SIGKILL + restart edge-1 (175)
19:31:23.252 SIGKILL + restart edge-1 (176)
19:31:26.081 SIGKILL + restart edge-1 (177)
19:31:28.151 SIGKILL worker w2 (pid 12491)
19:31:30.173 restarted w2 (incarnation 7)
19:31:31.292 SIGKILL + restart edge-3 (178)
19:31:33.580 SIGKILL + restart edge-1 (179)
19:31:38.307 SIGKILL + restart edge-2 (180)
19:31:42.092 SIGKILL + restart edge-1 (181)
19:31:44.349 SIGKILL + restart edge-2 (182)
19:31:46.414 SIGKILL worker w3 (pid 14556)
19:31:47.454 restarted w3 (incarnation 10)
19:31:48.035 SIGKILL + restart edge-2 (183)
19:31:51.208 SIGKILL + restart edge-1 (184)
19:31:54.351 SIGKILL + restart edge-3 (185)
19:31:57.554 SIGKILL + restart edge-2 (186)
19:32:02.141 SIGKILL + restart edge-3 (187)
19:32:03.292 SIGKILL worker w3 (pid 15518)
19:32:05.312 restarted w3 (incarnation 11)
19:32:05.864 SIGKILL + restart edge-3 (188)
19:32:08.499 SIGKILL + restart edge-1 (189)
19:32:12.194 SIGKILL + restart edge-1 (190)
19:32:16.140 SIGKILL + restart edge-1 (191)
19:32:18.207 SIGKILL + restart edge-2 (192)
19:32:20.335 SIGKILL + restart edge-2 (193)
19:32:23.569 SIGKILL worker w3 (pid 15823)
19:32:25.623 restarted w3 (incarnation 12)
19:32:26.161 SIGKILL + restart edge-1 (194)
19:32:31.373 SIGKILL + restart edge-3 (195)
19:32:35.056 SIGKILL + restart edge-2 (196)
19:32:39.333 SIGKILL + restart edge-3 (197)
19:32:41.385 SIGKILL worker w3 (pid 16141)
19:32:42.429 restarted w3 (incarnation 13)
19:32:43.556 SIGKILL + restart edge-3 (198)
19:32:47.272 SIGKILL + restart edge-2 (199)
19:32:50.151 SIGKILL + restart edge-2 (200)
19:32:52.472 SIGKILL + restart edge-2 (201)
19:32:52.475 SIGSTOP worker w3 for 10s (lease ttl 6s)
19:32:54.037 SIGKILL + restart edge-3 (202)
19:32:57.167 SIGKILL + restart edge-3 (203)
19:33:01.432 SIGKILL + restart edge-3 (204)
19:33:02.020 SIGCONT w3
19:33:05.284 SIGKILL + restart edge-3 (205)
19:33:10.534 SIGKILL + restart edge-2 (206)
19:33:12.139 SIGKILL worker w2 (pid 15190)
19:33:15.155 restarted w2 (incarnation 8)
19:33:15.711 SIGKILL + restart edge-3 (207)
19:33:19.456 SIGKILL + restart edge-3 (208)
19:33:20.014 SIGSTOP worker w3 for 11s (lease ttl 6s)
19:33:24.513 SIGKILL + restart edge-3 (209)
19:33:26.091 SIGKILL + restart edge-1 (210)
19:33:30.446 SIGKILL + restart edge-2 (211)
19:33:31.484 SIGCONT w3
19:33:31.489 SIGKILL worker w2 (pid 16903)
19:33:32.496 restarted w2 (incarnation 9)
19:33:34.233 SIGKILL + restart edge-2 (212)
19:33:37.476 SIGKILL + restart edge-3 (213)
19:33:42.171 SIGKILL + restart edge-3 (214)
19:33:45.808 SIGKILL + restart edge-2 (215)
19:33:50.039 SIGKILL + restart edge-1 (216)
19:33:50.053 SIGSTOP worker w2 for 10s (lease ttl 6s)
19:33:52.179 SIGKILL + restart edge-3 (217)
19:33:55.416 SIGKILL + restart edge-2 (218)
19:33:58.047 SIGKILL + restart edge-1 (219)
19:34:00.135 SIGCONT w2
19:34:02.363 SIGKILL + restart edge-3 (220)
19:34:05.103 SIGSTOP worker w1 for 11s (lease ttl 6s)
19:34:06.191 SIGKILL + restart edge-2 (221)
19:34:09.316 SIGKILL + restart edge-2 (222)
19:34:11.408 SIGKILL + restart edge-1 (223)
19:34:15.047 SIGKILL + restart edge-2 (224)
19:34:16.081 SIGCONT w1
19:34:18.204 SIGKILL + restart edge-3 (225)
19:34:19.356 SIGKILL worker w1 (pid 14991)
19:34:21.362 restarted w1 (incarnation 9)
19:34:21.947 SIGKILL + restart edge-3 (226)
19:34:23.057 SIGKILL + restart edge-2 (227)
19:34:25.193 SIGKILL + restart edge-3 (228)
19:34:29.407 SIGKILL + restart edge-1 (229)
19:34:33.183 SIGKILL + restart edge-1 (230)
19:34:34.239 SIGKILL worker w2 (pid 17177)
19:34:35.262 restarted w2 (incarnation 10)
19:34:37.396 SIGKILL + restart edge-1 (231)
19:34:40.053 SIGKILL + restart edge-1 (232)
19:34:42.212 SIGKILL + restart edge-3 (233)
19:34:42.223 SIGSTOP worker w2 for 11s (lease ttl 6s)
19:34:44.450 SIGKILL + restart edge-2 (234)
19:34:47.307 SIGKILL + restart edge-2 (235)
19:34:49.326 SIGKILL + restart edge-3 (236)
19:34:52.202 SIGKILL + restart edge-3 (237)
19:34:53.435 SIGCONT w2
19:34:54.565 SIGKILL + restart edge-3 (238)
19:34:56.129 SIGKILL + restart edge-3 (239)
19:35:01.101 SIGKILL + restart edge-3 (240)
19:35:02.130 SIGKILL worker w2 (pid 18157)
19:35:03.140 restarted w2 (incarnation 11)
19:35:03.679 SIGKILL + restart edge-3 (241)
19:35:07.320 SIGKILL + restart edge-3 (242)
19:35:09.535 SIGKILL + restart edge-1 (243)
19:35:14.548 SIGKILL + restart edge-3 (244)
19:35:19.255 SIGKILL + restart edge-3 (245)
19:35:21.417 SIGKILL + restart edge-1 (246)
19:35:21.436 SIGKILL worker w1 (pid 17894)
19:35:23.443 restarted w1 (incarnation 10)
19:35:25.640 SIGKILL + restart edge-3 (247)
19:35:27.359 SIGKILL + restart edge-1 (248)
19:35:29.484 SIGKILL + restart edge-2 (249)
19:35:29.488 SIGKILL worker w2 (pid 18628)
19:35:32.512 restarted w2 (incarnation 12)
19:35:33.215 SIGKILL + restart edge-1 (250)
19:35:36.298 SIGKILL + restart edge-3 (251)
19:35:38.393 SIGKILL + restart edge-1 (252)
19:35:40.515 SIGKILL + restart edge-2 (253)
19:35:42.192 SIGKILL + restart edge-3 (254)
19:35:44.389 SIGKILL + restart edge-3 (255)
19:35:46.055 SIGKILL + restart edge-2 (256)
19:35:48.180 SIGKILL worker w2 (pid 19054)
19:35:51.203 restarted w2 (incarnation 13)
19:35:51.247 chaos over: 33 worker kills, 27 worker pauses, 256 edge kills
19:35:51.576 senders done: 18550 requests acked
19:36:25.179 central stable: 7149 1429800 6917 1383400 4484 179360 4484 89680 4484 89680 4484 89680 
