[traces-10k] t=5s inserts=20 err=0 parts={'otel_traces': 4} db=9MB free=5.72GB mergeCPU=2.2s
[traces-10k] t=10s inserts=40 err=0 parts={'otel_traces': 13} db=18MB free=5.67GB mergeCPU=5.0s
[traces-10k] t=15s inserts=60 err=0 parts={'otel_traces': 10} db=26MB free=5.63GB mergeCPU=7.4s
[traces-10k] t=20s inserts=81 err=0 parts={'otel_traces': 8} db=35MB free=5.58GB mergeCPU=10.4s
[traces-10k] t=25s inserts=101 err=0 parts={'otel_traces': 17} db=44MB free=5.55GB mergeCPU=12.9s
[traces-10k] t=30s inserts=121 err=0 parts={'otel_traces': 17} db=53MB free=5.50GB mergeCPU=15.3s
[traces-10k] t=35s inserts=142 err=0 parts={'otel_traces': 20} db=62MB free=5.43GB mergeCPU=19.4s
[traces-10k] t=40s inserts=162 err=0 parts={'otel_traces': 13} db=70MB free=5.37GB mergeCPU=24.3s
[traces-10k] t=46s inserts=182 err=0 parts={'otel_traces': 17} db=79MB free=5.31GB mergeCPU=27.4s
[traces-10k] t=51s inserts=202 err=0 parts={'otel_traces': 14} db=87MB free=5.28GB mergeCPU=30.2s
[traces-10k] t=56s inserts=223 err=0 parts={'otel_traces': 7} db=95MB free=5.23GB mergeCPU=33.8s
[traces-10k] t=61s inserts=243 err=0 parts={'otel_traces': 16} db=104MB free=5.19GB mergeCPU=36.4s
[traces-10k] t=66s inserts=263 err=0 parts={'otel_traces': 14} db=113MB free=5.13GB mergeCPU=39.2s
[traces-10k] t=71s inserts=283 err=0 parts={'otel_traces': 13} db=121MB free=5.08GB mergeCPU=41.8s
[traces-10k] t=76s inserts=304 err=0 parts={'otel_traces': 16} db=130MB free=5.27GB mergeCPU=43.9s
[traces-10k] t=81s inserts=324 err=0 parts={'otel_traces': 17} db=139MB free=5.24GB mergeCPU=46.7s
[traces-10k] t=86s inserts=344 err=0 parts={'otel_traces': 17} db=147MB free=5.23GB mergeCPU=49.6s
[traces-10k] t=91s inserts=365 err=0 parts={'otel_traces': 16} db=156MB free=5.17GB mergeCPU=53.1s
[traces-10k] t=96s inserts=384 err=0 parts={'otel_traces': 24} db=165MB free=5.08GB mergeCPU=58.0s
[traces-10k] t=101s inserts=405 err=0 parts={'otel_traces': 18} db=173MB free=5.01GB mergeCPU=63.0s
[traces-10k] t=106s inserts=426 err=0 parts={'otel_traces': 12} db=182MB free=5.00GB mergeCPU=67.1s
[traces-10k] t=112s inserts=446 err=0 parts={'otel_traces': 13} db=190MB free=4.93GB mergeCPU=71.7s
[traces-10k] t=117s inserts=467 err=0 parts={'otel_traces': 8} db=198MB free=5.06GB mergeCPU=74.9s
[traces-10k] t=122s inserts=487 err=0 parts={'otel_traces': 9} db=207MB free=5.03GB mergeCPU=77.1s
[traces-10k] t=127s inserts=507 err=0 parts={'otel_traces': 15} db=216MB free=5.04GB mergeCPU=79.3s
[traces-10k] t=132s inserts=527 err=0 parts={'otel_traces': 15} db=225MB free=5.01GB mergeCPU=81.9s
[traces-10k] t=137s inserts=547 err=0 parts={'otel_traces': 13} db=233MB free=4.95GB mergeCPU=86.3s
[traces-10k] t=142s inserts=567 err=0 parts={'otel_traces': 12} db=241MB free=4.91GB mergeCPU=89.4s
[traces-10k] t=147s inserts=588 err=0 parts={'otel_traces': 15} db=250MB free=4.87GB mergeCPU=92.0s
[traces-10k] t=152s inserts=608 err=0 parts={'otel_traces': 17} db=259MB free=5.13GB mergeCPU=94.7s
[traces-10k] t=157s inserts=629 err=0 parts={'otel_traces': 13} db=268MB free=5.09GB mergeCPU=97.5s
[traces-10k] t=162s inserts=648 err=0 parts={'otel_traces': 14} db=276MB free=5.00GB mergeCPU=102.5s
[traces-10k] t=167s inserts=669 err=0 parts={'otel_traces': 16} db=285MB free=4.96GB mergeCPU=104.9s
[traces-10k] t=172s inserts=689 err=0 parts={'otel_traces': 16} db=293MB free=4.91GB mergeCPU=108.3s
[traces-10k] t=177s inserts=710 err=0 parts={'otel_traces': 14} db=303MB free=4.86GB mergeCPU=111.1s
[traces-10k] t=182s inserts=730 err=0 parts={'otel_traces': 13} db=311MB free=4.96GB mergeCPU=113.9s
[traces-10k] t=188s inserts=750 err=0 parts={'otel_traces': 18} db=320MB free=4.83GB mergeCPU=119.1s
[traces-10k] t=193s inserts=771 err=0 parts={'otel_traces': 22} db=329MB free=4.74GB mergeCPU=125.9s
[traces-10k] t=198s inserts=790 err=0 parts={'otel_traces': 19} db=337MB free=4.70GB mergeCPU=131.3s
[traces-10k] t=203s inserts=811 err=0 parts={'otel_traces': 29} db=347MB free=4.65GB mergeCPU=137.2s
[traces-10k] t=208s inserts=831 err=0 parts={'otel_traces': 15} db=352MB free=4.62GB mergeCPU=140.4s
[traces-10k] t=213s inserts=852 err=0 parts={'otel_traces': 10} db=361MB free=4.77GB mergeCPU=143.6s
[traces-10k] t=218s inserts=872 err=0 parts={'otel_traces': 20} db=370MB free=4.72GB mergeCPU=147.2s
[traces-10k] t=223s inserts=892 err=0 parts={'otel_traces': 15} db=378MB free=4.67GB mergeCPU=152.6s
[traces-10k] t=228s inserts=913 err=0 parts={'otel_traces': 9} db=386MB free=4.64GB mergeCPU=155.6s
[traces-10k] t=233s inserts=933 err=0 parts={'otel_traces': 16} db=396MB free=4.58GB mergeCPU=158.3s
[traces-10k] t=238s inserts=953 err=0 parts={'otel_traces': 11} db=404MB free=4.52GB mergeCPU=161.5s
[traces-10k] t=243s inserts=974 err=0 parts={'otel_traces': 13} db=412MB free=4.48GB mergeCPU=164.1s
[traces-10k] t=248s inserts=994 err=0 parts={'otel_traces': 12} db=421MB free=4.75GB mergeCPU=167.4s
[traces-10k] t=253s inserts=1013 err=0 parts={'otel_traces': 18} db=430MB free=4.71GB mergeCPU=169.9s
[traces-10k] t=259s inserts=1034 err=0 parts={'otel_traces': 14} db=438MB free=4.65GB mergeCPU=173.3s
[traces-10k] t=264s inserts=1054 err=0 parts={'otel_traces': 20} db=447MB free=4.55GB mergeCPU=176.6s
[traces-10k] t=269s inserts=1075 err=0 parts={'otel_traces': 23} db=456MB free=4.48GB mergeCPU=182.7s
[traces-10k] t=274s inserts=1095 err=0 parts={'otel_traces': 13} db=464MB free=4.41GB mergeCPU=186.7s
[traces-10k] t=279s inserts=1115 err=0 parts={'otel_traces': 13} db=473MB free=4.36GB mergeCPU=189.2s
[traces-10k] t=284s inserts=1135 err=0 parts={'otel_traces': 13} db=481MB free=4.30GB mergeCPU=192.4s
[traces-10k] t=289s inserts=1156 err=0 parts={'otel_traces': 19} db=491MB free=4.49GB mergeCPU=195.3s
[traces-10k] t=294s inserts=1176 err=0 parts={'otel_traces': 14} db=499MB free=4.43GB mergeCPU=197.9s
[traces-10k] t=299s inserts=1196 err=0 parts={'otel_traces': 20} db=508MB free=4.39GB mergeCPU=200.7s
[traces-10k] t=304s inserts=1216 err=0 parts={'otel_traces': 27} db=517MB free=4.34GB mergeCPU=203.9s
[traces-10k] t=309s inserts=1237 err=0 parts={'otel_traces': 20} db=525MB free=4.23GB mergeCPU=208.5s
[traces-10k] t=314s inserts=1256 err=0 parts={'otel_traces': 24} db=533MB free=4.17GB mergeCPU=214.2s
[traces-10k] t=319s inserts=1277 err=0 parts={'otel_traces': 16} db=542MB free=4.36GB mergeCPU=219.1s
[traces-10k] t=324s inserts=1297 err=0 parts={'otel_traces': 18} db=550MB free=4.30GB mergeCPU=221.7s
[traces-10k] t=329s inserts=1318 err=0 parts={'otel_traces': 14} db=559MB free=4.25GB mergeCPU=225.2s
[traces-10k] t=335s inserts=1338 err=0 parts={'otel_traces': 16} db=568MB free=4.21GB mergeCPU=227.9s
[traces-10k] t=340s inserts=1358 err=0 parts={'otel_traces': 15} db=576MB free=4.16GB mergeCPU=230.7s
[traces-10k] t=345s inserts=1378 err=0 parts={'otel_traces': 14} db=584MB free=4.10GB mergeCPU=233.8s
[traces-10k] t=350s inserts=1398 err=0 parts={'otel_traces': 22} db=593MB free=4.00GB mergeCPU=239.1s
[traces-10k] t=355s inserts=1419 err=0 parts={'otel_traces': 15} db=602MB free=4.18GB mergeCPU=243.7s
[traces-10k] t=360s inserts=1440 err=0 parts={'otel_traces': 15} db=611MB free=4.11GB mergeCPU=247.0s
[traces-10k] t=365s inserts=1460 err=0 parts={'otel_traces': 17} db=619MB free=4.12GB mergeCPU=249.9s
[traces-10k] t=370s inserts=1480 err=0 parts={'otel_traces': 16} db=628MB free=4.05GB mergeCPU=253.1s
[traces-10k] t=375s inserts=1500 err=0 parts={'otel_traces': 17} db=636MB free=4.00GB mergeCPU=255.8s
[traces-10k] t=380s inserts=1521 err=0 parts={'otel_traces': 22} db=646MB free=3.91GB mergeCPU=261.8s
[traces-10k] t=385s inserts=1541 err=0 parts={'otel_traces': 19} db=654MB free=3.92GB mergeCPU=268.2s
[traces-10k] t=390s inserts=1561 err=0 parts={'otel_traces': 21} db=662MB free=3.90GB mergeCPU=274.3s
[traces-10k] t=395s inserts=1582 err=0 parts={'otel_traces': 22} db=672MB free=3.85GB mergeCPU=279.7s
[traces-10k] t=400s inserts=1601 err=0 parts={'otel_traces': 30} db=680MB free=3.80GB mergeCPU=285.4s
[traces-10k] t=406s inserts=1621 err=0 parts={'otel_traces': 28} db=689MB free=3.73GB mergeCPU=290.3s
[traces-10k] t=411s inserts=1642 err=0 parts={'otel_traces': 22} db=697MB free=3.68GB mergeCPU=296.1s
[traces-10k] t=416s inserts=1663 err=0 parts={'otel_traces': 23} db=706MB free=3.61GB mergeCPU=301.7s
[traces-10k] t=421s inserts=1684 err=0 parts={'otel_traces': 22} db=712MB free=3.50GB mergeCPU=307.4s
[traces-10k] t=426s inserts=1704 err=0 parts={'otel_traces': 20} db=720MB free=3.65GB mergeCPU=312.6s
[traces-10k] t=431s inserts=1725 err=0 parts={'otel_traces': 21} db=729MB free=3.61GB mergeCPU=316.5s
[traces-10k] t=436s inserts=1746 err=0 parts={'otel_traces': 15} db=737MB free=3.57GB mergeCPU=319.8s
[traces-10k] t=442s inserts=1766 err=0 parts={'otel_traces': 17} db=746MB free=3.53GB mergeCPU=322.8s
[traces-10k] t=447s inserts=1786 err=0 parts={'otel_traces': 13} db=754MB free=3.48GB mergeCPU=325.6s
[traces-10k] t=452s inserts=1806 err=0 parts={'otel_traces': 19} db=763MB free=3.44GB mergeCPU=328.6s
[traces-10k] t=457s inserts=1827 err=0 parts={'otel_traces': 15} db=772MB free=3.87GB mergeCPU=331.4s
[traces-10k] t=462s inserts=1846 err=0 parts={'otel_traces': 20} db=780MB free=3.81GB mergeCPU=334.4s
[traces-10k] t=467s inserts=1867 err=0 parts={'otel_traces': 15} db=789MB free=3.77GB mergeCPU=336.7s
[traces-10k] t=472s inserts=1887 err=0 parts={'otel_traces': 20} db=798MB free=3.69GB mergeCPU=340.5s
[traces-10k] t=477s inserts=1908 err=0 parts={'otel_traces': 24} db=807MB free=3.63GB mergeCPU=345.6s
[traces-10k] t=482s inserts=1929 err=0 parts={'otel_traces': 17} db=815MB free=3.55GB mergeCPU=349.6s
[traces-10k] t=487s inserts=1948 err=0 parts={'otel_traces': 12} db=823MB free=3.74GB mergeCPU=352.9s
[traces-10k] t=492s inserts=1969 err=0 parts={'otel_traces': 19} db=833MB free=3.68GB mergeCPU=355.7s
[traces-10k] t=497s inserts=1989 err=0 parts={'otel_traces': 19} db=841MB free=3.65GB mergeCPU=358.6s
[traces-10k] t=502s inserts=2009 err=0 parts={'otel_traces': 15} db=849MB free=3.60GB mergeCPU=361.3s
[traces-10k] t=507s inserts=2030 err=0 parts={'otel_traces': 16} db=858MB free=3.56GB mergeCPU=363.9s
[traces-10k] t=512s inserts=2049 err=0 parts={'otel_traces': 22} db=867MB free=3.51GB mergeCPU=367.9s
[traces-10k] t=518s inserts=2070 err=0 parts={'otel_traces': 26} db=876MB free=3.48GB mergeCPU=373.5s
[traces-10k] t=523s inserts=2090 err=0 parts={'otel_traces': 21} db=884MB free=3.66GB mergeCPU=376.7s
[traces-10k] t=528s inserts=2111 err=0 parts={'otel_traces': 17} db=893MB free=3.60GB mergeCPU=379.7s
[traces-10k] t=533s inserts=2131 err=0 parts={'otel_traces': 23} db=902MB free=3.54GB mergeCPU=382.9s
[traces-10k] inserts stopped (db size); draining 90.0s
[traces-10k] done: 2131 inserts, 0 errors, results in /home/user/oscope/spike/otel-chdb/bench/merges/results/traces-10k
[traces-100k] t=5s inserts=5 err=0 parts={'otel_traces': 5} db=21MB free=4.22GB mergeCPU=0.2s
[traces-100k] t=10s inserts=10 err=0 parts={'otel_traces': 5} db=41MB free=4.16GB mergeCPU=2.1s
[traces-100k] t=15s inserts=15 err=0 parts={'otel_traces': 5} db=62MB free=4.10GB mergeCPU=4.1s
[traces-100k] t=20s inserts=19 err=0 parts={'otel_traces': 9} db=79MB free=4.04GB mergeCPU=5.5s
[traces-100k] t=25s inserts=25 err=0 parts={'otel_traces': 10} db=104MB free=3.99GB mergeCPU=6.9s
[traces-100k] t=30s inserts=30 err=0 parts={'otel_traces': 10} db=124MB free=3.89GB mergeCPU=9.8s
[traces-100k] t=35s inserts=34 err=0 parts={'otel_traces': 14} db=141MB free=3.78GB mergeCPU=12.6s
[traces-100k] t=41s inserts=38 err=0 parts={'otel_traces': 18} db=157MB free=3.71GB mergeCPU=16.2s
[traces-100k] t=46s inserts=44 err=0 parts={'otel_traces': 19} db=182MB free=3.62GB mergeCPU=21.0s
[traces-100k] t=51s inserts=50 err=0 parts={'otel_traces': 8} db=205MB free=3.55GB mergeCPU=23.8s
[traces-100k] t=56s inserts=56 err=0 parts={'otel_traces': 8} db=226MB free=3.51GB mergeCPU=25.9s
[traces-100k] t=61s inserts=60 err=0 parts={'otel_traces': 13} db=247MB free=3.44GB mergeCPU=29.4s
[traces-100k] t=66s inserts=65 err=0 parts={'otel_traces': 18} db=267MB free=3.38GB mergeCPU=33.2s
[traces-100k] t=71s inserts=71 err=0 parts={'otel_traces': 7} db=291MB free=3.30GB mergeCPU=38.7s
[traces-100k] t=76s inserts=76 err=0 parts={'otel_traces': 7} db=311MB free=3.25GB mergeCPU=40.7s
[traces-100k] t=81s inserts=81 err=0 parts={'otel_traces': 12} db=332MB free=3.19GB mergeCPU=41.8s
[traces-100k] t=86s inserts=86 err=0 parts={'otel_traces': 12} db=353MB free=3.06GB mergeCPU=45.1s
[traces-100k] t=91s inserts=91 err=0 parts={'otel_traces': 17} db=373MB free=3.04GB mergeCPU=48.6s
[traces-100k] t=96s inserts=96 err=0 parts={'otel_traces': 17} db=394MB free=3.00GB mergeCPU=53.6s
[traces-100k] t=101s inserts=101 err=0 parts={'otel_traces': 10} db=413MB free=2.99GB mergeCPU=55.8s
[traces-100k] t=106s inserts=106 err=0 parts={'otel_traces': 10} db=434MB free=2.94GB mergeCPU=57.9s
[traces-100k] t=112s inserts=111 err=0 parts={'otel_traces': 11} db=454MB free=2.88GB mergeCPU=60.1s
[traces-100k] t=117s inserts=116 err=0 parts={'otel_traces': 16} db=475MB free=2.75GB mergeCPU=63.4s
[traces-100k] t=122s inserts=121 err=0 parts={'otel_traces': 16} db=496MB free=2.67GB mergeCPU=68.5s
[traces-100k] t=127s inserts=127 err=0 parts={'otel_traces': 14} db=515MB free=2.62GB mergeCPU=72.0s
[traces-100k] t=132s inserts=132 err=0 parts={'otel_traces': 11} db=540MB free=2.50GB mergeCPU=74.5s
[traces-100k] inserts stopped (free disk); draining 120.0s
free disk low during drain; stopping
[traces-100k] done: 132 inserts, 0 errors, results in /home/user/oscope/spike/otel-chdb/bench/merges/results/traces-100k
[logs-10k] t=5s inserts=20 err=0 parts={'otel_logs': 4} db=5MB free=4.12GB mergeCPU=2.1s
[logs-10k] t=10s inserts=41 err=0 parts={'otel_logs': 8} db=10MB free=4.18GB mergeCPU=4.4s
[logs-10k] t=15s inserts=61 err=0 parts={'otel_logs': 8} db=15MB free=4.13GB mergeCPU=7.6s
[logs-10k] t=20s inserts=81 err=0 parts={'otel_logs': 6} db=19MB free=4.19GB mergeCPU=10.4s
[logs-10k] t=25s inserts=101 err=0 parts={'otel_logs': 9} db=24MB free=4.12GB mergeCPU=13.4s
[logs-10k] t=30s inserts=121 err=0 parts={'otel_logs': 7} db=29MB free=3.98GB mergeCPU=16.2s
[logs-10k] t=35s inserts=141 err=0 parts={'otel_logs': 10} db=34MB free=4.18GB mergeCPU=19.4s
[logs-10k] t=40s inserts=161 err=0 parts={'otel_logs': 6} db=38MB free=4.26GB mergeCPU=25.3s
[logs-10k] t=45s inserts=181 err=0 parts={'otel_logs': 10} db=43MB free=4.19GB mergeCPU=28.1s
[logs-10k] t=50s inserts=202 err=0 parts={'otel_logs': 8} db=48MB free=4.30GB mergeCPU=31.3s
[logs-10k] t=55s inserts=222 err=0 parts={'otel_logs': 12} db=53MB free=4.27GB mergeCPU=34.1s
[logs-10k] t=60s inserts=242 err=0 parts={'otel_logs': 10} db=57MB free=4.25GB mergeCPU=37.0s
[logs-10k] t=65s inserts=262 err=0 parts={'otel_logs': 14} db=62MB free=4.22GB mergeCPU=39.8s
[logs-10k] t=70s inserts=282 err=0 parts={'otel_logs': 12} db=67MB free=4.29GB mergeCPU=44.7s
[logs-10k] t=75s inserts=302 err=0 parts={'otel_logs': 8} db=72MB free=4.25GB mergeCPU=48.8s
[logs-10k] t=80s inserts=322 err=0 parts={'otel_logs': 6} db=76MB free=4.50GB mergeCPU=52.3s
[logs-10k] t=85s inserts=342 err=0 parts={'otel_logs': 10} db=81MB free=4.48GB mergeCPU=54.5s
[logs-10k] t=91s inserts=362 err=0 parts={'otel_logs': 7} db=86MB free=4.58GB mergeCPU=57.9s
[logs-10k] t=96s inserts=383 err=0 parts={'otel_logs': 11} db=90MB free=4.56GB mergeCPU=60.2s
[logs-10k] t=101s inserts=403 err=0 parts={'otel_logs': 12} db=95MB free=4.64GB mergeCPU=63.3s
[logs-10k] t=106s inserts=423 err=0 parts={'otel_logs': 14} db=100MB free=4.60GB mergeCPU=67.6s
[logs-10k] t=111s inserts=443 err=0 parts={'otel_logs': 9} db=105MB free=4.80GB mergeCPU=71.8s
[logs-10k] t=116s inserts=463 err=0 parts={'otel_logs': 7} db=109MB free=4.77GB mergeCPU=75.3s
[logs-10k] t=121s inserts=483 err=0 parts={'otel_logs': 11} db=114MB free=4.86GB mergeCPU=77.5s
[logs-10k] t=126s inserts=503 err=0 parts={'otel_logs': 11} db=119MB free=4.83GB mergeCPU=80.6s
[logs-10k] t=131s inserts=524 err=0 parts={'otel_logs': 14} db=124MB free=4.91GB mergeCPU=83.2s
[logs-10k] t=136s inserts=544 err=0 parts={'otel_logs': 10} db=129MB free=4.94GB mergeCPU=86.1s
[logs-10k] t=141s inserts=564 err=0 parts={'otel_logs': 10} db=133MB free=4.90GB mergeCPU=91.7s
[logs-10k] t=146s inserts=584 err=0 parts={'otel_logs': 12} db=138MB free=5.03GB mergeCPU=94.0s
[logs-10k] t=151s inserts=604 err=0 parts={'otel_logs': 11} db=143MB free=4.96GB mergeCPU=99.8s
[logs-10k] t=156s inserts=624 err=0 parts={'otel_logs': 15} db=147MB free=4.93GB mergeCPU=107.1s
[logs-10k] t=161s inserts=644 err=0 parts={'otel_logs': 13} db=152MB free=4.87GB mergeCPU=115.3s
[logs-10k] t=166s inserts=665 err=0 parts={'otel_logs': 7} db=147MB free=4.85GB mergeCPU=117.9s
[logs-10k] t=171s inserts=685 err=0 parts={'otel_logs': 9} db=152MB free=4.82GB mergeCPU=120.9s
[logs-10k] t=176s inserts=705 err=0 parts={'otel_logs': 9} db=157MB free=4.92GB mergeCPU=123.4s
[logs-10k] t=181s inserts=725 err=0 parts={'otel_logs': 11} db=162MB free=4.89GB mergeCPU=126.4s
[logs-10k] t=186s inserts=745 err=0 parts={'otel_logs': 7} db=166MB free=4.84GB mergeCPU=132.5s
[logs-10k] t=191s inserts=765 err=0 parts={'otel_logs': 11} db=171MB free=4.82GB mergeCPU=134.7s
[logs-10k] t=196s inserts=785 err=0 parts={'otel_logs': 10} db=176MB free=4.79GB mergeCPU=137.9s
[logs-10k] t=201s inserts=805 err=0 parts={'otel_logs': 8} db=181MB free=4.76GB mergeCPU=140.5s
[logs-10k] t=206s inserts=825 err=0 parts={'otel_logs': 11} db=185MB free=4.77GB mergeCPU=143.4s
[logs-10k] t=211s inserts=845 err=0 parts={'otel_logs': 11} db=190MB free=4.74GB mergeCPU=146.0s
[logs-10k] t=216s inserts=866 err=0 parts={'otel_logs': 12} db=195MB free=4.98GB mergeCPU=149.1s
[logs-10k] t=221s inserts=886 err=0 parts={'otel_logs': 8} db=200MB free=4.93GB mergeCPU=154.8s
[logs-10k] t=226s inserts=906 err=0 parts={'otel_logs': 12} db=204MB free=4.91GB mergeCPU=157.0s
[logs-10k] t=231s inserts=926 err=0 parts={'otel_logs': 11} db=209MB free=4.88GB mergeCPU=160.1s
[logs-10k] t=236s inserts=946 err=0 parts={'otel_logs': 11} db=214MB free=4.86GB mergeCPU=162.5s
[logs-10k] t=241s inserts=966 err=0 parts={'otel_logs': 11} db=219MB free=4.83GB mergeCPU=165.7s
[logs-10k] t=246s inserts=986 err=0 parts={'otel_logs': 12} db=223MB free=4.94GB mergeCPU=168.3s
[logs-10k] t=252s inserts=1006 err=0 parts={'otel_logs': 14} db=228MB free=4.90GB mergeCPU=172.2s
[logs-10k] t=257s inserts=1027 err=0 parts={'otel_logs': 10} db=233MB free=4.87GB mergeCPU=176.1s
[logs-10k] t=262s inserts=1047 err=0 parts={'otel_logs': 11} db=238MB free=4.85GB mergeCPU=179.4s
[logs-10k] t=267s inserts=1067 err=0 parts={'otel_logs': 14} db=242MB free=4.84GB mergeCPU=181.9s
[logs-10k] t=272s inserts=1087 err=0 parts={'otel_logs': 14} db=247MB free=4.83GB mergeCPU=184.8s
[logs-10k] t=277s inserts=1107 err=0 parts={'otel_logs': 11} db=252MB free=4.94GB mergeCPU=187.2s
[logs-10k] t=282s inserts=1127 err=0 parts={'otel_logs': 17} db=256MB free=4.90GB mergeCPU=191.8s
[logs-10k] t=287s inserts=1147 err=0 parts={'otel_logs': 9} db=261MB free=4.86GB mergeCPU=195.4s
[logs-10k] t=292s inserts=1167 err=0 parts={'otel_logs': 14} db=266MB free=4.84GB mergeCPU=198.6s
[logs-10k] t=297s inserts=1187 err=0 parts={'otel_logs': 14} db=271MB free=4.75GB mergeCPU=204.4s
[logs-10k] t=302s inserts=1208 err=0 parts={'otel_logs': 13} db=275MB free=4.71GB mergeCPU=211.4s
[logs-10k] t=307s inserts=1228 err=0 parts={'otel_logs': 7} db=271MB free=4.65GB mergeCPU=219.2s
[logs-10k] t=312s inserts=1248 err=0 parts={'otel_logs': 11} db=275MB free=4.81GB mergeCPU=221.2s
[logs-10k] t=317s inserts=1268 err=0 parts={'otel_logs': 8} db=280MB free=4.81GB mergeCPU=224.4s
[logs-10k] t=322s inserts=1288 err=0 parts={'otel_logs': 14} db=285MB free=4.79GB mergeCPU=227.0s
[logs-10k] t=327s inserts=1308 err=0 parts={'otel_logs': 10} db=290MB free=4.77GB mergeCPU=229.5s
[logs-10k] t=332s inserts=1328 err=0 parts={'otel_logs': 10} db=294MB free=4.71GB mergeCPU=235.5s
[logs-10k] t=337s inserts=1348 err=0 parts={'otel_logs': 9} db=299MB free=4.72GB mergeCPU=237.7s
[logs-10k] t=342s inserts=1368 err=0 parts={'otel_logs': 13} db=304MB free=5.03GB mergeCPU=241.4s
[logs-10k] t=347s inserts=1389 err=0 parts={'otel_logs': 14} db=309MB free=5.01GB mergeCPU=243.8s
[logs-10k] t=352s inserts=1409 err=0 parts={'otel_logs': 10} db=313MB free=4.98GB mergeCPU=246.4s
[logs-10k] t=357s inserts=1429 err=0 parts={'otel_logs': 10} db=318MB free=4.96GB mergeCPU=249.4s
[logs-10k] t=362s inserts=1449 err=0 parts={'otel_logs': 12} db=323MB free=4.91GB mergeCPU=252.7s
[logs-10k] t=367s inserts=1469 err=0 parts={'otel_logs': 12} db=327MB free=4.88GB mergeCPU=257.8s
[logs-10k] t=372s inserts=1489 err=0 parts={'otel_logs': 8} db=332MB free=4.85GB mergeCPU=261.2s
[logs-10k] t=377s inserts=1509 err=0 parts={'otel_logs': 11} db=337MB free=4.98GB mergeCPU=263.1s
[logs-10k] t=382s inserts=1529 err=0 parts={'otel_logs': 11} db=342MB free=4.95GB mergeCPU=266.3s
[logs-10k] t=387s inserts=1549 err=0 parts={'otel_logs': 13} db=346MB free=4.93GB mergeCPU=268.9s
[logs-10k] t=392s inserts=1570 err=0 parts={'otel_logs': 15} db=351MB free=4.88GB mergeCPU=273.9s
[logs-10k] t=397s inserts=1590 err=0 parts={'otel_logs': 12} db=356MB free=4.85GB mergeCPU=276.6s
[logs-10k] t=402s inserts=1610 err=0 parts={'otel_logs': 12} db=361MB free=4.85GB mergeCPU=279.7s
[logs-10k] t=407s inserts=1630 err=0 parts={'otel_logs': 13} db=365MB free=4.82GB mergeCPU=282.4s
[logs-10k] t=412s inserts=1650 err=0 parts={'otel_logs': 14} db=370MB free=4.80GB mergeCPU=285.5s
[logs-10k] t=417s inserts=1670 err=0 parts={'otel_logs': 14} db=375MB free=4.91GB mergeCPU=290.1s
[logs-10k] t=422s inserts=1690 err=0 parts={'otel_logs': 10} db=379MB free=4.88GB mergeCPU=293.0s
[logs-10k] t=428s inserts=1710 err=0 parts={'otel_logs': 12} db=384MB free=4.84GB mergeCPU=296.4s
[logs-10k] t=433s inserts=1730 err=0 parts={'otel_logs': 16} db=389MB free=4.76GB mergeCPU=303.5s
[logs-10k] t=438s inserts=1751 err=0 parts={'otel_logs': 14} db=394MB free=4.71GB mergeCPU=311.5s
[logs-10k] t=443s inserts=1771 err=0 parts={'otel_logs': 10} db=390MB free=4.67GB mergeCPU=314.7s
[logs-10k] t=448s inserts=1791 err=0 parts={'otel_logs': 10} db=395MB free=4.77GB mergeCPU=317.8s
[logs-10k] t=453s inserts=1811 err=0 parts={'otel_logs': 16} db=400MB free=4.75GB mergeCPU=320.9s
[logs-10k] t=458s inserts=1831 err=0 parts={'otel_logs': 12} db=404MB free=4.73GB mergeCPU=323.2s
[logs-10k] t=463s inserts=1851 err=0 parts={'otel_logs': 12} db=409MB free=4.75GB mergeCPU=329.2s
[logs-10k] t=468s inserts=1871 err=0 parts={'otel_logs': 14} db=414MB free=4.73GB mergeCPU=331.7s
[logs-10k] t=473s inserts=1892 err=0 parts={'otel_logs': 10} db=418MB free=4.70GB mergeCPU=334.4s
[logs-10k] t=478s inserts=1912 err=0 parts={'otel_logs': 11} db=423MB free=4.67GB mergeCPU=337.5s
[logs-10k] t=483s inserts=1932 err=0 parts={'otel_logs': 14} db=428MB free=4.90GB mergeCPU=339.8s
[logs-10k] t=488s inserts=1952 err=0 parts={'otel_logs': 14} db=433MB free=4.81GB mergeCPU=342.6s
[logs-10k] t=493s inserts=1972 err=0 parts={'otel_logs': 15} db=437MB free=4.73GB mergeCPU=347.7s
[logs-10k] t=498s inserts=1992 err=0 parts={'otel_logs': 12} db=442MB free=4.70GB mergeCPU=350.7s
[logs-10k] t=503s inserts=2012 err=0 parts={'otel_logs': 12} db=447MB free=4.69GB mergeCPU=354.0s
[logs-10k] t=508s inserts=2033 err=0 parts={'otel_logs': 14} db=452MB free=4.66GB mergeCPU=356.9s
[logs-10k] t=513s inserts=2053 err=0 parts={'otel_logs': 16} db=457MB free=4.76GB mergeCPU=359.3s
[logs-10k] t=518s inserts=2073 err=0 parts={'otel_logs': 14} db=461MB free=4.71GB mergeCPU=364.4s
[logs-10k] t=523s inserts=2093 err=0 parts={'otel_logs': 14} db=466MB free=4.68GB mergeCPU=367.3s
[logs-10k] t=528s inserts=2113 err=0 parts={'otel_logs': 16} db=471MB free=4.66GB mergeCPU=369.7s
[logs-10k] t=533s inserts=2133 err=0 parts={'otel_logs': 13} db=475MB free=4.63GB mergeCPU=372.1s
[logs-10k] t=538s inserts=2153 err=0 parts={'otel_logs': 12} db=480MB free=4.59GB mergeCPU=376.4s
[logs-10k] t=543s inserts=2173 err=0 parts={'otel_logs': 13} db=485MB free=4.56GB mergeCPU=379.4s
[logs-10k] t=548s inserts=2193 err=0 parts={'otel_logs': 15} db=490MB free=4.54GB mergeCPU=382.0s
[logs-10k] t=553s inserts=2214 err=0 parts={'otel_logs': 15} db=494MB free=4.60GB mergeCPU=389.2s
[logs-10k] t=558s inserts=2234 err=0 parts={'otel_logs': 13} db=499MB free=4.55GB mergeCPU=397.4s
[logs-10k] t=563s inserts=2254 err=0 parts={'otel_logs': 11} db=496MB free=4.53GB mergeCPU=399.6s
[logs-10k] t=568s inserts=2274 err=0 parts={'otel_logs': 11} db=501MB free=4.50GB mergeCPU=402.6s
[logs-10k] t=573s inserts=2294 err=0 parts={'otel_logs': 13} db=505MB free=4.47GB mergeCPU=405.2s
[logs-10k] t=578s inserts=2314 err=0 parts={'otel_logs': 13} db=510MB free=4.50GB mergeCPU=408.2s
[logs-10k] t=583s inserts=2334 err=0 parts={'otel_logs': 12} db=515MB free=4.56GB mergeCPU=412.9s
[logs-10k] t=588s inserts=2354 err=0 parts={'otel_logs': 13} db=520MB free=4.53GB mergeCPU=415.5s
[logs-10k] t=594s inserts=2374 err=0 parts={'otel_logs': 10} db=524MB free=4.50GB mergeCPU=418.7s
[logs-10k] t=599s inserts=2395 err=0 parts={'otel_logs': 17} db=529MB free=4.47GB mergeCPU=421.3s
[logs-10k] t=604s inserts=2400 err=0 parts={'otel_logs': 11} db=530MB free=4.45GB mergeCPU=423.2s
[logs-10k] inserts stopped (duration); draining 90.0s
[logs-10k] done: 2400 inserts, 0 errors, results in /home/user/oscope/spike/otel-chdb/bench/merges/results/logs-10k
[logs-100k] t=5s inserts=5 err=0 parts={'otel_logs': 5} db=10MB free=5.27GB mergeCPU=0.1s
[logs-100k] t=10s inserts=10 err=0 parts={'otel_logs': 5} db=20MB free=5.24GB mergeCPU=1.9s
[logs-100k] t=15s inserts=15 err=0 parts={'otel_logs': 5} db=30MB free=5.23GB mergeCPU=3.6s
[logs-100k] t=20s inserts=20 err=0 parts={'otel_logs': 5} db=40MB free=5.23GB mergeCPU=5.4s
[logs-100k] t=25s inserts=25 err=0 parts={'otel_logs': 10} db=49MB free=5.17GB mergeCPU=8.3s
[logs-100k] t=30s inserts=30 err=0 parts={'otel_logs': 3} db=60MB free=5.14GB mergeCPU=12.3s
[logs-100k] t=35s inserts=35 err=0 parts={'otel_logs': 8} db=69MB free=5.11GB mergeCPU=13.3s
[logs-100k] t=40s inserts=40 err=0 parts={'otel_logs': 8} db=79MB free=5.09GB mergeCPU=14.0s
[logs-100k] t=45s inserts=45 err=0 parts={'otel_logs': 8} db=89MB free=5.06GB mergeCPU=15.9s
[logs-100k] t=50s inserts=50 err=0 parts={'otel_logs': 13} db=99MB free=5.00GB mergeCPU=20.7s
[logs-100k] t=55s inserts=55 err=0 parts={'otel_logs': 6} db=109MB free=4.96GB mergeCPU=22.8s
[logs-100k] t=60s inserts=61 err=0 parts={'otel_logs': 6} db=119MB free=4.93GB mergeCPU=24.6s
[logs-100k] t=65s inserts=65 err=0 parts={'otel_logs': 6} db=129MB free=4.91GB mergeCPU=26.4s
[logs-100k] t=70s inserts=71 err=0 parts={'otel_logs': 12} db=141MB free=4.87GB mergeCPU=28.4s
[logs-100k] t=75s inserts=76 err=0 parts={'otel_logs': 10} db=150MB free=4.83GB mergeCPU=32.5s
[logs-100k] t=80s inserts=81 err=0 parts={'otel_logs': 10} db=160MB free=4.81GB mergeCPU=33.2s
[logs-100k] t=86s inserts=86 err=0 parts={'otel_logs': 10} db=171MB free=4.78GB mergeCPU=35.1s
[logs-100k] t=91s inserts=91 err=0 parts={'otel_logs': 10} db=181MB free=4.75GB mergeCPU=36.9s
[logs-100k] t=96s inserts=96 err=0 parts={'otel_logs': 11} db=191MB free=4.71GB mergeCPU=39.6s
[logs-100k] t=101s inserts=101 err=0 parts={'otel_logs': 10} db=200MB free=4.68GB mergeCPU=44.2s
[logs-100k] t=106s inserts=106 err=0 parts={'otel_logs': 10} db=210MB free=4.65GB mergeCPU=45.9s
[logs-100k] t=111s inserts=111 err=0 parts={'otel_logs': 10} db=220MB free=4.62GB mergeCPU=47.6s
[logs-100k] t=116s inserts=116 err=0 parts={'otel_logs': 11} db=230MB free=4.60GB mergeCPU=49.5s
[logs-100k] t=121s inserts=121 err=0 parts={'otel_logs': 11} db=240MB free=4.42GB mergeCPU=56.0s
[logs-100k] t=126s inserts=126 err=0 parts={'otel_logs': 11} db=250MB free=4.38GB mergeCPU=62.6s
[logs-100k] t=131s inserts=131 err=0 parts={'otel_logs': 16} db=260MB free=4.33GB mergeCPU=68.8s
[logs-100k] t=136s inserts=136 err=0 parts={'otel_logs': 16} db=270MB free=4.26GB mergeCPU=75.6s
[logs-100k] t=141s inserts=141 err=0 parts={'otel_logs': 8} db=266MB free=4.26GB mergeCPU=81.2s
[logs-100k] t=146s inserts=146 err=0 parts={'otel_logs': 8} db=277MB free=4.24GB mergeCPU=82.8s
[logs-100k] t=151s inserts=151 err=0 parts={'otel_logs': 8} db=287MB free=4.21GB mergeCPU=84.4s
[logs-100k] t=156s inserts=156 err=0 parts={'otel_logs': 8} db=297MB free=4.18GB mergeCPU=86.2s
[logs-100k] t=161s inserts=161 err=0 parts={'otel_logs': 13} db=306MB free=4.13GB mergeCPU=89.7s
[logs-100k] t=166s inserts=166 err=0 parts={'otel_logs': 6} db=316MB free=4.09GB mergeCPU=93.3s
[logs-100k] t=171s inserts=171 err=0 parts={'otel_logs': 11} db=326MB free=4.06GB mergeCPU=94.9s
[logs-100k] t=176s inserts=176 err=0 parts={'otel_logs': 11} db=336MB free=4.03GB mergeCPU=95.9s
[logs-100k] t=181s inserts=181 err=0 parts={'otel_logs': 11} db=346MB free=4.00GB mergeCPU=97.7s
[logs-100k] t=186s inserts=186 err=0 parts={'otel_logs': 12} db=356MB free=3.94GB mergeCPU=101.2s
[logs-100k] t=191s inserts=191 err=0 parts={'otel_logs': 6} db=366MB free=3.90GB mergeCPU=105.9s
[logs-100k] t=196s inserts=196 err=0 parts={'otel_logs': 11} db=376MB free=3.90GB mergeCPU=106.8s
[logs-100k] t=201s inserts=201 err=0 parts={'otel_logs': 11} db=386MB free=3.88GB mergeCPU=108.7s
[logs-100k] t=206s inserts=206 err=0 parts={'otel_logs': 12} db=396MB free=4.71GB mergeCPU=110.3s
[logs-100k] t=211s inserts=211 err=0 parts={'otel_logs': 13} db=406MB free=4.65GB mergeCPU=113.7s
[logs-100k] t=216s inserts=216 err=0 parts={'otel_logs': 7} db=416MB free=4.61GB mergeCPU=117.8s
[logs-100k] t=221s inserts=221 err=0 parts={'otel_logs': 8} db=426MB free=4.58GB mergeCPU=119.2s
[logs-100k] t=226s inserts=226 err=0 parts={'otel_logs': 9} db=435MB free=4.55GB mergeCPU=120.8s
[logs-100k] t=231s inserts=231 err=0 parts={'otel_logs': 14} db=445MB free=4.39GB mergeCPU=125.6s
[logs-100k] t=236s inserts=236 err=0 parts={'otel_logs': 14} db=455MB free=4.34GB mergeCPU=131.5s
[logs-100k] t=241s inserts=242 err=0 parts={'otel_logs': 15} db=467MB free=4.30GB mergeCPU=137.9s
[logs-100k] t=246s inserts=247 err=0 parts={'otel_logs': 15} db=477MB free=4.25GB mergeCPU=144.6s
[logs-100k] t=251s inserts=252 err=0 parts={'otel_logs': 14} db=473MB free=4.24GB mergeCPU=150.7s
[logs-100k] t=256s inserts=257 err=0 parts={'otel_logs': 7} db=484MB free=4.22GB mergeCPU=153.6s
[logs-100k] t=262s inserts=262 err=0 parts={'otel_logs': 7} db=494MB free=4.19GB mergeCPU=155.3s
[logs-100k] t=267s inserts=267 err=0 parts={'otel_logs': 12} db=503MB free=4.16GB mergeCPU=156.6s
[logs-100k] t=272s inserts=272 err=0 parts={'otel_logs': 12} db=513MB free=4.13GB mergeCPU=158.4s
[logs-100k] t=277s inserts=277 err=0 parts={'otel_logs': 13} db=523MB free=4.07GB mergeCPU=162.0s
[logs-100k] t=282s inserts=282 err=0 parts={'otel_logs': 7} db=533MB free=4.03GB mergeCPU=166.1s
[logs-100k] t=287s inserts=287 err=0 parts={'otel_logs': 12} db=543MB free=4.01GB mergeCPU=167.5s
[logs-100k] t=292s inserts=292 err=0 parts={'otel_logs': 12} db=553MB free=4.01GB mergeCPU=169.4s
[logs-100k] t=297s inserts=297 err=0 parts={'otel_logs': 13} db=563MB free=3.98GB mergeCPU=171.0s
[logs-100k] t=302s inserts=302 err=0 parts={'otel_logs': 14} db=573MB free=3.92GB mergeCPU=174.3s
[logs-100k] t=307s inserts=307 err=0 parts={'otel_logs': 8} db=583MB free=3.88GB mergeCPU=178.4s
[logs-100k] t=312s inserts=312 err=0 parts={'otel_logs': 9} db=593MB free=3.85GB mergeCPU=179.9s
[logs-100k] t=317s inserts=317 err=0 parts={'otel_logs': 10} db=603MB free=3.82GB mergeCPU=181.4s
[logs-100k] t=322s inserts=322 err=0 parts={'otel_logs': 11} db=613MB free=3.79GB mergeCPU=182.8s
[logs-100k] t=327s inserts=327 err=0 parts={'otel_logs': 16} db=622MB free=3.74GB mergeCPU=187.4s
[logs-100k] t=332s inserts=332 err=0 parts={'otel_logs': 11} db=632MB free=3.70GB mergeCPU=189.8s
[logs-100k] t=337s inserts=337 err=0 parts={'otel_logs': 12} db=642MB free=3.67GB mergeCPU=191.4s
[logs-100k] t=342s inserts=342 err=0 parts={'otel_logs': 13} db=652MB free=3.64GB mergeCPU=194.4s
[logs-100k] t=347s inserts=347 err=0 parts={'otel_logs': 13} db=662MB free=3.46GB mergeCPU=201.1s
[logs-100k] t=352s inserts=352 err=0 parts={'otel_logs': 13} db=672MB free=4.21GB mergeCPU=207.6s
[logs-100k] t=357s inserts=357 err=0 parts={'otel_logs': 18} db=682MB free=4.17GB mergeCPU=214.2s
[logs-100k] t=362s inserts=362 err=0 parts={'otel_logs': 18} db=692MB free=4.09GB mergeCPU=220.9s
[logs-100k] t=367s inserts=367 err=0 parts={'otel_logs': 10} db=688MB free=4.04GB mergeCPU=225.8s
[logs-100k] t=372s inserts=372 err=0 parts={'otel_logs': 10} db=698MB free=4.07GB mergeCPU=226.8s
[logs-100k] t=377s inserts=377 err=0 parts={'otel_logs': 10} db=708MB free=4.04GB mergeCPU=228.4s
[logs-100k] t=382s inserts=382 err=0 parts={'otel_logs': 11} db=718MB free=4.01GB mergeCPU=229.8s
[logs-100k] t=387s inserts=387 err=0 parts={'otel_logs': 12} db=728MB free=3.99GB mergeCPU=233.1s
[logs-100k] t=392s inserts=392 err=0 parts={'otel_logs': 11} db=738MB free=3.94GB mergeCPU=237.7s
[logs-100k] t=397s inserts=398 err=0 parts={'otel_logs': 11} db=748MB free=3.92GB mergeCPU=239.4s
[logs-100k] t=402s inserts=402 err=0 parts={'otel_logs': 12} db=758MB free=3.89GB mergeCPU=240.9s
[logs-100k] t=407s inserts=407 err=0 parts={'otel_logs': 13} db=768MB free=3.90GB mergeCPU=242.4s
[logs-100k] t=412s inserts=413 err=0 parts={'otel_logs': 15} db=780MB free=3.85GB mergeCPU=245.9s
[logs-100k] t=417s inserts=418 err=0 parts={'otel_logs': 10} db=790MB free=3.80GB mergeCPU=249.9s
[logs-100k] t=423s inserts=420 err=0 parts={'otel_logs': 8} db=794MB free=3.80GB mergeCPU=251.3s
[logs-100k] inserts stopped (duration); draining 120.0s
[logs-100k] done: 420 inserts, 0 errors, results in /home/user/oscope/spike/otel-chdb/bench/merges/results/logs-100k
