18:59:29.217 run ck1790362769: db otaprs_ckpt_ck1790362769, prefix otap-rs-ckpt/ck1790362769/edges, duration 900s, edge restarts every 2-5s
18:59:33.512 SIGKILL + restart edge-2 (1)
18:59:37.153 SIGKILL + restart edge-3 (2)
18:59:39.227 SIGKILL + restart edge-3 (3)
18:59:40.264 SIGKILL worker w3 (pid 10037)
18:59:42.288 restarted w3 (incarnation 2)
18:59:44.369 SIGKILL + restart edge-2 (4)
18:59:48.071 SIGKILL + restart edge-1 (5)
18:59:52.257 SIGKILL + restart edge-2 (6)
18:59:54.362 SIGKILL + restart edge-2 (7)
18:59:57.481 SIGKILL + restart edge-1 (8)
18:59:59.040 SIGSTOP worker w3 for 9s (lease ttl 6s)
19:00:02.224 SIGKILL + restart edge-3 (9)
19:00:07.417 SIGKILL + restart edge-1 (10)
19:00:08.464 SIGCONT w3
19:00:11.068 SIGKILL + restart edge-2 (11)
19:00:14.270 SIGKILL worker w1 (pid 10035)
19:00:17.282 restarted w1 (incarnation 2)
19:00:17.816 SIGKILL + restart edge-2 (12)
19:00:20.379 SIGKILL + restart edge-2 (13)
19:00:23.470 SIGKILL + restart edge-3 (14)
19:00:26.097 SIGKILL + restart edge-1 (15)
19:00:26.119 SIGKILL worker w1 (pid 11017)
19:00:28.129 restarted w1 (incarnation 3)
19:00:30.213 SIGKILL + restart edge-1 (16)
19:00:34.406 SIGKILL + restart edge-3 (17)
19:00:38.035 SIGKILL worker w3 (pid 10235)
19:00:41.044 restarted w3 (incarnation 3)
19:00:41.579 SIGKILL + restart edge-3 (18)
19:00:45.176 SIGKILL + restart edge-1 (19)
19:00:47.272 SIGKILL + restart edge-2 (20)
19:00:49.606 SIGKILL + restart edge-3 (21)
19:00:54.243 SIGKILL + restart edge-3 (22)
19:00:55.284 SIGKILL worker w1 (pid 11450)
19:00:56.294 restarted w1 (incarnation 4)
19:00:58.537 SIGKILL + restart edge-1 (23)
19:01:02.319 SIGKILL + restart edge-2 (24)
19:01:05.453 SIGKILL + restart edge-2 (25)
19:01:07.066 SIGKILL + restart edge-2 (26)
19:01:11.499 SIGKILL + restart edge-2 (27)
19:01:15.224 SIGSTOP worker w2 for 8s (lease ttl 6s)
19:01:16.374 SIGKILL + restart edge-1 (28)
19:01:20.242 SIGKILL + restart edge-2 (29)
19:01:23.351 SIGCONT w2
19:01:23.660 SIGKILL + restart edge-1 (30)
19:01:25.486 SIGKILL + restart edge-1 (31)
19:01:27.046 SIGKILL + restart edge-1 (32)
19:01:29.097 SIGSTOP worker w2 for 8s (lease ttl 6s)
19:01:31.211 SIGKILL + restart edge-1 (33)
19:01:35.362 SIGKILL + restart edge-3 (34)
19:01:37.431 SIGCONT w2
19:01:38.568 SIGKILL + restart edge-2 (35)
19:01:40.173 SIGKILL + restart edge-2 (36)
19:01:44.618 SIGKILL + restart edge-1 (37)
19:01:47.199 SIGKILL worker w2 (pid 10036)
19:01:48.299 restarted w2 (incarnation 2)
19:01:49.494 SIGKILL + restart edge-3 (38)
19:01:53.284 SIGKILL + restart edge-3 (39)
19:01:57.494 SIGKILL + restart edge-3 (40)
19:01:57.569 SIGSTOP worker w1 for 9s (lease ttl 6s)
19:02:02.462 SIGKILL + restart edge-1 (41)
19:02:04.100 SIGKILL + restart edge-3 (42)
19:02:06.178 SIGCONT w1
19:02:06.199 SIGKILL + restart edge-2 (43)
19:02:08.315 SIGKILL + restart edge-2 (44)
19:02:12.529 SIGKILL + restart edge-2 (45)
19:02:15.117 SIGKILL worker w1 (pid 12855)
19:02:17.130 restarted w1 (incarnation 5)
19:02:17.674 SIGKILL + restart edge-3 (46)
19:02:19.248 SIGKILL + restart edge-3 (47)
19:02:22.394 SIGKILL + restart edge-2 (48)
19:02:24.512 SIGKILL + restart edge-1 (49)
19:02:27.127 SIGKILL + restart edge-2 (50)
19:02:29.310 SIGKILL + restart edge-2 (51)
19:02:30.347 SIGSTOP worker w3 for 9s (lease ttl 6s)
19:02:33.487 SIGKILL + restart edge-3 (52)
19:02:37.155 SIGKILL + restart edge-1 (53)
19:02:39.231 SIGCONT w3
19:02:42.449 SIGKILL + restart edge-2 (54)
19:02:45.039 SIGSTOP worker w3 for 8s (lease ttl 6s)
19:02:47.176 SIGKILL + restart edge-2 (55)
19:02:52.467 SIGKILL + restart edge-3 (56)
19:02:53.504 SIGCONT w3
19:02:54.035 SIGSTOP worker w3 for 9s (lease ttl 6s)
19:02:57.259 SIGKILL + restart edge-3 (57)
19:03:01.444 SIGKILL + restart edge-3 (58)
19:03:03.011 SIGCONT w3
19:03:04.172 SIGKILL + restart edge-1 (59)
19:03:04.191 SIGSTOP worker w2 for 10s (lease ttl 6s)
19:03:08.468 SIGKILL + restart edge-2 (60)
19:03:12.172 SIGKILL + restart edge-3 (61)
19:03:14.469 SIGCONT w2
19:03:15.532 SIGKILL + restart edge-3 (62)
19:03:16.056 SIGKILL worker w2 (pid 13967)
19:03:18.076 restarted w2 (incarnation 3)
19:03:19.128 SIGKILL + restart edge-2 (63)
19:03:22.256 SIGKILL + restart edge-1 (64)
19:03:26.176 SIGKILL + restart edge-3 (65)
19:03:30.338 SIGKILL + restart edge-3 (66)
19:03:34.500 SIGKILL + restart edge-2 (67)
19:03:35.015 SIGKILL worker w3 (pid 12207)
19:03:37.049 restarted w3 (incarnation 4)
19:03:39.156 SIGKILL + restart edge-3 (68)
19:03:44.436 SIGKILL + restart edge-1 (69)
19:03:45.473 SIGSTOP worker w2 for 8s (lease ttl 6s)
19:03:47.040 SIGKILL + restart edge-1 (70)
19:03:49.135 SIGKILL + restart edge-3 (71)
19:03:52.252 SIGKILL + restart edge-3 (72)
19:03:53.348 SIGCONT w2
19:03:57.501 SIGKILL + restart edge-2 (73)
19:03:59.143 SIGSTOP worker w1 for 12s (lease ttl 6s)
19:04:02.400 SIGKILL + restart edge-1 (74)
19:04:06.392 SIGKILL + restart edge-3 (75)
19:04:08.471 SIGKILL + restart edge-2 (76)
19:04:11.352 SIGCONT w1
19:04:12.397 SIGKILL + restart edge-3 (77)
19:04:14.500 SIGKILL + restart edge-1 (78)
19:04:18.297 SIGKILL + restart edge-2 (79)
19:04:18.316 SIGSTOP worker w3 for 10s (lease ttl 6s)
19:04:23.543 SIGKILL + restart edge-3 (80)
19:04:26.131 SIGKILL + restart edge-1 (81)
19:04:28.207 SIGCONT w3
19:04:29.264 SIGKILL + restart edge-2 (82)
19:04:31.163 SIGKILL + restart edge-1 (83)
19:04:33.376 SIGKILL + restart edge-2 (84)
19:04:34.475 SIGKILL worker w1 (pid 14720)
19:04:37.584 restarted w1 (incarnation 6)
19:04:38.137 SIGKILL + restart edge-2 (85)
19:04:40.235 SIGKILL + restart edge-2 (86)
19:04:45.320 SIGKILL + restart edge-1 (87)
19:04:49.216 SIGKILL + restart edge-2 (88)
19:04:52.427 SIGSTOP worker w2 for 8s (lease ttl 6s)
19:04:54.288 SIGKILL + restart edge-1 (89)
19:04:58.526 SIGKILL + restart edge-3 (90)
19:05:00.099 SIGCONT w2
19:05:02.227 SIGKILL + restart edge-1 (91)
19:05:02.293 SIGKILL worker w1 (pid 19132)
19:05:05.327 restarted w1 (incarnation 7)
19:05:06.434 SIGKILL + restart edge-1 (92)
19:05:10.140 SIGKILL + restart edge-1 (93)
19:05:15.321 SIGKILL + restart edge-3 (94)
19:05:19.516 SIGKILL + restart edge-3 (95)
19:05:19.523 SIGSTOP worker w3 for 10s (lease ttl 6s)
19:05:22.161 SIGKILL + restart edge-3 (96)
19:05:27.385 SIGKILL + restart edge-1 (97)
19:05:29.460 SIGCONT w3
19:05:30.067 SIGKILL + restart edge-2 (98)
19:05:31.092 SIGKILL worker w2 (pid 16166)
19:05:32.106 restarted w2 (incarnation 4)
19:05:33.359 SIGKILL + restart edge-2 (99)
19:05:35.433 SIGKILL + restart edge-3 (100)
19:05:40.137 SIGKILL + restart edge-3 (101)
19:05:42.287 SIGKILL + restart edge-1 (102)
19:05:44.387 SIGKILL worker w1 (pid 22144)
19:05:46.400 restarted w1 (incarnation 8)
19:05:46.937 SIGKILL + restart edge-2 (103)
19:05:48.050 SIGKILL + restart edge-1 (104)
19:05:53.257 SIGKILL + restart edge-3 (105)
19:05:54.489 SIGSTOP worker w3 for 8s (lease ttl 6s)
19:05:55.536 SIGKILL + restart edge-2 (106)
19:05:57.108 SIGKILL + restart edge-2 (107)
19:06:00.278 SIGKILL + restart edge-2 (108)
19:06:02.455 SIGCONT w3
19:06:02.482 SIGSTOP worker w1 for 9s (lease ttl 6s)
19:06:03.087 SIGKILL + restart edge-3 (109)
19:06:08.432 SIGKILL + restart edge-3 (110)
19:06:11.061 SIGCONT w1
19:06:12.126 SIGKILL + restart edge-2 (111)
19:06:12.134 SIGSTOP worker w1 for 8s (lease ttl 6s)
19:06:15.252 SIGKILL + restart edge-1 (112)
19:06:17.313 SIGKILL + restart edge-1 (113)
19:06:20.449 SIGCONT w1
19:06:20.502 SIGKILL + restart edge-2 (114)
19:06:22.158 SIGKILL + restart edge-3 (115)
19:06:24.223 SIGKILL worker w1 (pid 23005)
19:06:25.251 restarted w1 (incarnation 9)
19:06:27.336 SIGKILL + restart edge-1 (116)
19:06:31.436 SIGKILL + restart edge-3 (117)
19:06:33.168 SIGKILL + restart edge-3 (118)
19:06:37.343 SIGKILL + restart edge-3 (119)
19:06:40.454 SIGKILL + restart edge-1 (120)
19:06:42.081 SIGSTOP worker w3 for 12s (lease ttl 6s)
19:06:45.441 SIGKILL + restart edge-1 (121)
19:06:48.098 SIGKILL + restart edge-2 (122)
19:06:50.205 SIGKILL + restart edge-1 (123)
19:06:53.467 SIGKILL + restart edge-3 (124)
19:06:54.506 SIGCONT w3
19:06:56.131 SIGKILL + restart edge-1 (125)
19:06:59.234 SIGKILL + restart edge-2 (126)
19:07:00.344 SIGSTOP worker w3 for 8s (lease ttl 6s)
19:07:01.401 SIGKILL + restart edge-3 (127)
19:07:03.486 SIGKILL + restart edge-3 (128)
19:07:08.184 SIGCONT w3
19:07:08.206 SIGKILL + restart edge-1 (129)
19:07:10.286 SIGKILL + restart edge-1 (130)
19:07:13.483 SIGKILL + restart edge-1 (131)
19:07:17.365 SIGKILL + restart edge-1 (132)
19:07:19.427 SIGKILL worker w3 (pid 16679)
19:07:22.439 restarted w3 (incarnation 5)
19:07:23.072 SIGKILL + restart edge-3 (133)
19:07:24.141 SIGKILL + restart edge-2 (134)
19:07:28.344 SIGKILL + restart edge-1 (135)
19:07:33.135 SIGKILL + restart edge-2 (136)
19:07:34.166 SIGKILL worker w3 (pid 25616)
19:07:36.178 restarted w3 (incarnation 6)
19:07:36.728 SIGKILL + restart edge-1 (137)
19:07:38.311 SIGKILL + restart edge-3 (138)
19:07:40.392 SIGKILL + restart edge-1 (139)
19:07:42.470 SIGKILL + restart edge-3 (140)
19:07:45.079 SIGKILL + restart edge-3 (141)
19:07:49.285 SIGKILL + restart edge-2 (142)
19:07:51.449 SIGKILL + restart edge-3 (143)
19:07:54.128 SIGKILL + restart edge-2 (144)
19:07:54.142 SIGSTOP worker w1 for 10s (lease ttl 6s)
19:07:56.236 SIGKILL + restart edge-1 (145)
19:07:59.476 SIGKILL + restart edge-1 (146)
19:08:01.035 SIGKILL + restart edge-2 (147)
19:08:03.123 SIGKILL + restart edge-2 (148)
19:08:04.237 SIGCONT w1
19:08:04.254 SIGSTOP worker w1 for 8s (lease ttl 6s)
19:08:06.412 SIGKILL + restart edge-3 (149)
19:08:10.069 SIGKILL + restart edge-1 (150)
19:08:12.151 SIGCONT w1
19:08:12.165 SIGKILL + restart edge-3 (151)
19:08:16.346 SIGKILL + restart edge-1 (152)
19:08:16.356 SIGSTOP worker w2 for 9s (lease ttl 6s)
19:08:20.036 SIGKILL + restart edge-2 (153)
19:08:22.194 SIGKILL + restart edge-1 (154)
19:08:24.393 SIGKILL + restart edge-3 (155)
19:08:25.053 SIGCONT w2
19:08:27.156 SIGKILL worker w2 (pid 22655)
19:08:30.181 restarted w2 (incarnation 5)
19:08:30.849 SIGKILL + restart edge-2 (156)
19:08:33.094 SIGKILL + restart edge-3 (157)
19:08:36.260 SIGKILL + restart edge-2 (158)
19:08:38.402 SIGKILL + restart edge-1 (159)
19:08:41.040 SIGKILL worker w3 (pid 25899)
19:08:43.060 restarted w3 (incarnation 7)
19:08:43.655 SIGKILL + restart edge-3 (160)
19:08:46.333 SIGKILL + restart edge-3 (161)
19:08:49.452 SIGKILL + restart edge-1 (162)
19:08:53.541 SIGKILL + restart edge-2 (163)
19:08:58.435 SIGKILL + restart edge-2 (164)
19:08:58.439 SIGKILL worker w3 (pid 27322)
19:09:00.497 restarted w3 (incarnation 8)
19:09:03.139 SIGKILL + restart edge-1 (165)
19:09:08.391 SIGKILL + restart edge-1 (166)
19:09:11.060 SIGKILL + restart edge-3 (167)
19:09:11.190 SIGKILL worker w1 (pid 24246)
19:09:13.213 restarted w1 (incarnation 10)
19:09:16.421 SIGKILL + restart edge-2 (168)
19:09:20.388 SIGKILL + restart edge-1 (169)
19:09:25.174 SIGKILL + restart edge-1 (170)
19:09:29.431 SIGKILL + restart edge-1 (171)
19:09:30.463 SIGSTOP worker w2 for 11s (lease ttl 6s)
19:09:32.047 SIGKILL + restart edge-3 (172)
19:09:34.195 SIGKILL + restart edge-3 (173)
19:09:39.240 SIGKILL + restart edge-3 (174)
19:09:41.372 SIGCONT w2
19:09:41.379 SIGSTOP worker w1 for 9s (lease ttl 6s)
19:09:42.084 SIGKILL + restart edge-3 (175)
19:09:45.371 SIGKILL + restart edge-2 (176)
19:09:48.110 SIGKILL + restart edge-1 (177)
19:09:50.245 SIGCONT w1
19:09:51.373 SIGKILL + restart edge-1 (178)
19:09:53.549 SIGKILL worker w1 (pid 27891)
19:09:55.585 restarted w1 (incarnation 11)
19:09:56.135 SIGKILL + restart edge-3 (179)
19:10:01.408 SIGKILL + restart edge-3 (180)
19:10:04.529 SIGKILL worker w3 (pid 27627)
19:10:05.535 restarted w3 (incarnation 9)
19:10:06.101 SIGKILL + restart edge-3 (181)
19:10:10.553 SIGKILL + restart edge-3 (182)
19:10:14.246 SIGKILL + restart edge-1 (183)
19:10:15.300 SIGKILL worker w1 (pid 28691)
19:10:18.343 restarted w1 (incarnation 12)
19:10:18.875 SIGKILL + restart edge-2 (184)
19:10:20.454 SIGKILL + restart edge-3 (185)
19:10:25.405 SIGKILL + restart edge-1 (186)
19:10:27.541 SIGKILL + restart edge-2 (187)
19:10:29.192 SIGKILL + restart edge-1 (188)
19:10:30.296 SIGKILL worker w1 (pid 29080)
19:10:32.325 restarted w1 (incarnation 13)
19:10:33.509 SIGKILL + restart edge-1 (189)
19:10:36.309 SIGKILL + restart edge-3 (190)
19:10:38.443 SIGKILL + restart edge-3 (191)
19:10:42.144 SIGKILL + restart edge-2 (192)
19:10:44.306 SIGKILL + restart edge-2 (193)
19:10:49.343 SIGKILL + restart edge-1 (194)
19:10:49.359 SIGKILL worker w3 (pid 28882)
19:10:51.375 restarted w3 (incarnation 10)
19:10:51.984 SIGKILL + restart edge-2 (195)
19:10:54.144 SIGKILL + restart edge-2 (196)
19:10:56.212 SIGKILL + restart edge-2 (197)
19:11:01.465 SIGKILL + restart edge-2 (198)
19:11:06.300 SIGKILL + restart edge-1 (199)
19:11:09.549 SIGKILL worker w1 (pid 29382)
19:11:11.572 restarted w1 (incarnation 14)
19:11:12.186 SIGKILL + restart edge-1 (200)
19:11:14.316 SIGKILL + restart edge-3 (201)
19:11:16.476 SIGKILL + restart edge-1 (202)
19:11:19.191 SIGKILL + restart edge-2 (203)
19:11:20.232 SIGSTOP worker w3 for 12s (lease ttl 6s)
19:11:21.323 SIGKILL + restart edge-3 (204)
19:11:26.277 SIGKILL + restart edge-2 (205)
19:11:31.507 SIGKILL + restart edge-1 (206)
19:11:32.056 SIGCONT w3
19:11:32.080 SIGKILL worker w3 (pid 29765)
19:11:34.120 restarted w3 (incarnation 11)
19:11:35.333 SIGKILL + restart edge-1 (207)
19:11:38.220 SIGKILL + restart edge-3 (208)
19:11:40.457 SIGKILL + restart edge-2 (209)
19:11:40.464 SIGKILL worker w3 (pid 30475)
19:11:42.492 restarted w3 (incarnation 12)
19:11:44.072 SIGKILL + restart edge-2 (210)
19:11:46.219 SIGKILL + restart edge-3 (211)
19:11:49.080 SIGKILL + restart edge-3 (212)
19:11:53.316 SIGKILL + restart edge-1 (213)
19:11:55.518 SIGKILL + restart edge-3 (214)
19:11:55.525 SIGSTOP worker w3 for 8s (lease ttl 6s)
19:12:00.296 SIGKILL + restart edge-2 (215)
19:12:02.408 SIGKILL + restart edge-3 (216)
19:12:03.478 SIGCONT w3
19:12:04.106 SIGKILL + restart edge-1 (217)
19:12:07.233 SIGKILL + restart edge-3 (218)
19:12:10.832 SIGKILL + restart edge-3 (219)
19:12:10.847 SIGSTOP worker w3 for 8s (lease ttl 6s)
19:12:12.465 SIGKILL + restart edge-1 (220)
19:12:16.360 SIGKILL + restart edge-2 (221)
19:12:18.446 SIGCONT w3
19:12:18.491 SIGKILL + restart edge-3 (222)
19:12:23.382 SIGKILL + restart edge-3 (223)
19:12:24.515 SIGKILL worker w3 (pid 30572)
19:12:25.579 restarted w3 (incarnation 13)
19:12:26.108 SIGKILL + restart edge-2 (224)
19:12:31.320 SIGKILL + restart edge-2 (225)
19:12:33.447 SIGKILL + restart edge-1 (226)
19:12:38.292 SIGKILL + restart edge-2 (227)
19:12:41.480 SIGKILL + restart edge-1 (228)
19:12:43.056 SIGSTOP worker w1 for 7s (lease ttl 6s)
19:12:46.300 SIGKILL + restart edge-1 (229)
19:12:50.100 SIGCONT w1
19:12:50.155 SIGKILL + restart edge-1 (230)
19:12:53.275 SIGKILL + restart edge-2 (231)
19:12:54.431 SIGKILL worker w1 (pid 30079)
19:12:55.469 restarted w1 (incarnation 15)
19:12:58.142 SIGKILL + restart edge-2 (232)
19:13:02.403 SIGKILL + restart edge-2 (233)
19:13:06.248 SIGKILL + restart edge-1 (234)
19:13:09.549 SIGKILL + restart edge-2 (235)
19:13:11.176 SIGKILL + restart edge-2 (236)
19:13:11.179 SIGSTOP worker w3 for 8s (lease ttl 6s)
19:13:13.272 SIGKILL + restart edge-1 (237)
19:13:15.385 SIGKILL + restart edge-1 (238)
19:13:18.083 SIGKILL + restart edge-1 (239)
19:13:19.107 SIGCONT w3
19:13:22.288 SIGKILL + restart edge-1 (240)
19:13:24.466 SIGKILL + restart edge-1 (241)
19:13:29.452 SIGKILL + restart edge-1 (242)
19:13:31.253 SIGSTOP worker w1 for 12s (lease ttl 6s)
19:13:34.543 SIGKILL + restart edge-2 (243)
19:13:39.444 SIGKILL + restart edge-3 (244)
19:13:41.056 SIGKILL + restart edge-2 (245)
19:13:43.232 SIGCONT w1
19:13:43.307 SIGSTOP worker w3 for 10s (lease ttl 6s)
19:13:46.480 SIGKILL + restart edge-3 (246)
19:13:51.324 SIGKILL + restart edge-2 (247)
19:13:53.399 SIGCONT w3
19:13:54.501 SIGKILL + restart edge-3 (248)
19:13:56.092 SIGSTOP worker w1 for 7s (lease ttl 6s)
19:13:57.280 SIGKILL + restart edge-3 (249)
19:14:02.085 SIGKILL + restart edge-3 (250)
19:14:03.276 SIGCONT w1
19:14:07.287 SIGKILL + restart edge-2 (251)
19:14:07.296 SIGKILL worker w3 (pid 31380)
19:14:08.320 restarted w3 (incarnation 14)
19:14:10.434 SIGKILL + restart edge-3 (252)
19:14:12.120 SIGKILL + restart edge-1 (253)
19:14:17.484 SIGKILL + restart edge-3 (254)
19:14:21.356 SIGKILL + restart edge-1 (255)
19:14:22.436 SIGSTOP worker w2 for 7s (lease ttl 6s)
19:14:23.585 SIGKILL + restart edge-1 (256)
19:14:25.145 SIGKILL + restart edge-1 (257)
19:14:29.361 SIGCONT w2
19:14:29.403 SIGKILL + restart edge-1 (258)
19:14:31.010 chaos over: 31 worker kills, 32 worker pauses, 258 edge kills
19:14:32.367 senders done: 18618 requests acked
19:14:59.167 central stable: 7090 1418000 7043 1408600 4485 179400 4485 89700 4485 89700 4485 89700 
